This is pdfTeX, Version 3.141592653-2.6-1.40.26 (TeX Live 2024) (preloaded format=pdflatex 2024.4.18)  10 OCT 2026 12:00
entering extended mode
 restricted \write18 enabled.
 %&-line parsing enabled.
**UV.tex
(./UV.tex
LaTeX2e <2023-11-01> patch level 1
L3 programming layer <2024-03-14>
(c:/texlive/2024/texmf-dist/tex/latex/base/article.cls
Document Class: article 2023/05/17 v1.4n Standard LaTeX document class
(c:/texlive/2024/texmf-dist/tex/latex/base/size10.clo
File: size10.clo 2023/05/17 v1.4n Standard LaTeX file (size option)
)
\c@part=\count188
\c@section=\count189
\c@subsection=\count190
\c@subsubsection=\count191
\c@paragraph=\count192
\c@subparagraph=\count193
\c@figure=\count194
\c@table=\count195
\abovecaptionskip=\skip48
\belowcaptionskip=\skip49
\bibindent=\dimen140
)
(c:/texlive/2024/texmf-dist/tex/latex/geometry/geometry.sty
Package: geometry 2020/01/02 v5.9 Page Geometry

(c:/texlive/2024/texmf-dist/tex/latex/graphics/keyval.sty
Package: keyval 2022/05/29 v1.15 key=value parser (DPC)
\KV@toks@=\toks17
)
(c:/texlive/2024/texmf-dist/tex/generic/iftex/ifvtex.sty
Package: ifvtex 2019/10/25 v1.7 ifvtex legacy package. Use iftex instead.

(c:/texlive/2024/texmf-dist/tex/generic/iftex/iftex.sty
Package: iftex 2022/02/03 v1.0f TeX engine tests
))
\Gm@cnth=\count196
\Gm@cntv=\count197
\c@Gm@tempcnt=\count198
\Gm@bindingoffset=\dimen141
\Gm@wd@mp=\dimen142
\Gm@odd@mp=\dimen143
\Gm@even@mp=\dimen144
\Gm@layoutwidth=\dimen145
\Gm@layoutheight=\dimen146
\Gm@layouthoffset=\dimen147
\Gm@layoutvoffset=\dimen148
\Gm@dimlist=\toks18
)
(c:/texlive/2024/texmf-dist/tex/latex/amsmath/amsmath.sty
Package: amsmath 2023/05/13 v2.17o AMS math features
\@mathmargin=\skip50

For additional information on amsmath, use the `?' option.
(c:/texlive/2024/texmf-dist/tex/latex/amsmath/amstext.sty
Package: amstext 2021/08/26 v2.01 AMS text

(c:/texlive/2024/texmf-dist/tex/latex/amsmath/amsgen.sty
File: amsgen.sty 1999/11/30 v2.0 generic functions
\@emptytoks=\toks19
\ex@=\dimen149
))
(c:/texlive/2024/texmf-dist/tex/latex/amsmath/amsbsy.sty
Package: amsbsy 1999/11/29 v1.2d Bold Symbols
\pmbraise@=\dimen150
)
(c:/texlive/2024/texmf-dist/tex/latex/amsmath/amsopn.sty
Package: amsopn 2022/04/08 v2.04 operator names
)
\inf@bad=\count199
LaTeX Info: Redefining \frac on input line 234.
\uproot@=\count266
\leftroot@=\count267
LaTeX Info: Redefining \overline on input line 399.
LaTeX Info: Redefining \colon on input line 410.
\classnum@=\count268
\DOTSCASE@=\count269
LaTeX Info: Redefining \ldots on input line 496.
LaTeX Info: Redefining \dots on input line 499.
LaTeX Info: Redefining \cdots on input line 620.
\Mathstrutbox@=\box51
\strutbox@=\box52
LaTeX Info: Redefining \big on input line 722.
LaTeX Info: Redefining \Big on input line 723.
LaTeX Info: Redefining \bigg on input line 724.
LaTeX Info: Redefining \Bigg on input line 725.
\big@size=\dimen151
LaTeX Font Info:    Redeclaring font encoding OML on input line 743.
LaTeX Font Info:    Redeclaring font encoding OMS on input line 744.
\macc@depth=\count270
LaTeX Info: Redefining \bmod on input line 905.
LaTeX Info: Redefining \pmod on input line 910.
LaTeX Info: Redefining \smash on input line 940.
LaTeX Info: Redefining \relbar on input line 970.
LaTeX Info: Redefining \Relbar on input line 971.
\c@MaxMatrixCols=\count271
\dotsspace@=\muskip16
\c@parentequation=\count272
\dspbrk@lvl=\count273
\tag@help=\toks20
\row@=\count274
\column@=\count275
\maxfields@=\count276
\andhelp@=\toks21
\eqnshift@=\dimen152
\alignsep@=\dimen153
\tagshift@=\dimen154
\tagwidth@=\dimen155
\totwidth@=\dimen156
\lineht@=\dimen157
\@envbody=\toks22
\multlinegap=\skip51
\multlinetaggap=\skip52
\mathdisplay@stack=\toks23
LaTeX Info: Redefining \[ on input line 2953.
LaTeX Info: Redefining \] on input line 2954.
)
(c:/texlive/2024/texmf-dist/tex/latex/amsfonts/amssymb.sty
Package: amssymb 2013/01/14 v3.01 AMS font symbols

(c:/texlive/2024/texmf-dist/tex/latex/amsfonts/amsfonts.sty
Package: amsfonts 2013/01/14 v3.01 Basic AMSFonts support
\symAMSa=\mathgroup4
\symAMSb=\mathgroup5
LaTeX Font Info:    Redeclaring math symbol \hbar on input line 98.
LaTeX Font Info:    Overwriting math alphabet `\mathfrak' in version `bold'
(Font)                  U/euf/m/n --> U/euf/b/n on input line 106.
))
(c:/texlive/2024/texmf-dist/tex/latex/mathtools/mathtools.sty
Package: mathtools 2024/03/11 v1.30 mathematical typesetting tools

(c:/texlive/2024/texmf-dist/tex/latex/tools/calc.sty
Package: calc 2023/07/08 v4.3 Infix arithmetic (KKT,FJ)
\calc@Acount=\count277
\calc@Bcount=\count278
\calc@Adimen=\dimen158
\calc@Bdimen=\dimen159
\calc@Askip=\skip53
\calc@Bskip=\skip54
LaTeX Info: Redefining \setlength on input line 80.
LaTeX Info: Redefining \addtolength on input line 81.
\calc@Ccount=\count279
\calc@Cskip=\skip55
)
(c:/texlive/2024/texmf-dist/tex/latex/mathtools/mhsetup.sty
Package: mhsetup 2021/03/18 v1.4 programming setup (MH)
)
\g_MT_multlinerow_int=\count280
\l_MT_multwidth_dim=\dimen160
\origjot=\skip56
\l_MT_shortvdotswithinadjustabove_dim=\dimen161
\l_MT_shortvdotswithinadjustbelow_dim=\dimen162
\l_MT_above_intertext_sep=\dimen163
\l_MT_below_intertext_sep=\dimen164
\l_MT_above_shortintertext_sep=\dimen165
\l_MT_below_shortintertext_sep=\dimen166
\xmathstrut@box=\box53
\xmathstrut@dim=\dimen167
)
(c:/texlive/2024/texmf-dist/tex/latex/booktabs/booktabs.sty
Package: booktabs 2020/01/12 v1.61803398 Publication quality tables
\heavyrulewidth=\dimen168
\lightrulewidth=\dimen169
\cmidrulewidth=\dimen170
\belowrulesep=\dimen171
\belowbottomsep=\dimen172
\aboverulesep=\dimen173
\abovetopsep=\dimen174
\cmidrulesep=\dimen175
\cmidrulekern=\dimen176
\defaultaddspace=\dimen177
\@cmidla=\count281
\@cmidlb=\count282
\@aboverulesep=\dimen178
\@belowrulesep=\dimen179
\@thisruleclass=\count283
\@lastruleclass=\count284
\@thisrulewidth=\dimen180
)
(c:/texlive/2024/texmf-dist/tex/latex/tools/longtable.sty
Package: longtable 2023-11-01 v4.19 Multi-page Table package (DPC)
\LTleft=\skip57
\LTright=\skip58
\LTpre=\skip59
\LTpost=\skip60
\LTchunksize=\count285
\LTcapwidth=\dimen181
\LT@head=\box54
\LT@firsthead=\box55
\LT@foot=\box56
\LT@lastfoot=\box57
\LT@gbox=\box58
\LT@cols=\count286
\LT@rows=\count287
\c@LT@tables=\count288
\c@LT@chunks=\count289
\LT@p@ftn=\toks24
)
(c:/texlive/2024/texmf-dist/tex/latex/tools/array.sty
Package: array 2023/10/16 v2.5g Tabular extension package (FMi)
\col@sep=\dimen182
\ar@mcellbox=\box59
\extrarowheight=\dimen183
\NC@list=\toks25
\extratabsurround=\skip61
\backup@length=\skip62
\ar@cellbox=\box60
)
(c:/texlive/2024/texmf-dist/tex/latex/adjustbox/adjustbox.sty
Package: adjustbox 2022/10/17 v1.3a Adjusting TeX boxes (trim, clip, ...)

(c:/texlive/2024/texmf-dist/tex/latex/xkeyval/xkeyval.sty
Package: xkeyval 2022/06/16 v2.9 package option processing (HA)

(c:/texlive/2024/texmf-dist/tex/generic/xkeyval/xkeyval.tex
(c:/texlive/2024/texmf-dist/tex/generic/xkeyval/xkvutils.tex
\XKV@toks=\toks26
\XKV@tempa@toks=\toks27
)
\XKV@depth=\count290
File: xkeyval.tex 2014/12/03 v2.7a key=value parser (HA)
))
(c:/texlive/2024/texmf-dist/tex/latex/adjustbox/adjcalc.sty
Package: adjcalc 2012/05/16 v1.1 Provides advanced setlength with multiple back
-ends (calc, etex, pgfmath)
)
(c:/texlive/2024/texmf-dist/tex/latex/adjustbox/trimclip.sty
Package: trimclip 2020/08/19 v1.2 Trim and clip general TeX material

(c:/texlive/2024/texmf-dist/tex/latex/graphics/graphicx.sty
Package: graphicx 2021/09/16 v1.2d Enhanced LaTeX Graphics (DPC,SPQR)

(c:/texlive/2024/texmf-dist/tex/latex/graphics/graphics.sty
Package: graphics 2022/03/10 v1.4e Standard LaTeX Graphics (DPC,SPQR)

(c:/texlive/2024/texmf-dist/tex/latex/graphics/trig.sty
Package: trig 2021/08/11 v1.11 sin cos tan (DPC)
)
(c:/texlive/2024/texmf-dist/tex/latex/graphics-cfg/graphics.cfg
File: graphics.cfg 2016/06/04 v1.11 sample graphics configuration
)
Package graphics Info: Driver file: pdftex.def on input line 107.

(c:/texlive/2024/texmf-dist/tex/latex/graphics-def/pdftex.def
File: pdftex.def 2024/04/13 v1.2c Graphics/color driver for pdftex
))
\Gin@req@height=\dimen184
\Gin@req@width=\dimen185
)
(c:/texlive/2024/texmf-dist/tex/latex/collectbox/collectbox.sty
Package: collectbox 2022/10/17 v0.4c Collect macro arguments as boxes
\collectedbox=\box61
)
\tc@llx=\dimen186
\tc@lly=\dimen187
\tc@urx=\dimen188
\tc@ury=\dimen189
Package trimclip Info: Using driver 'tc-pdftex.def'.

(c:/texlive/2024/texmf-dist/tex/latex/adjustbox/tc-pdftex.def
File: tc-pdftex.def 2019/01/04 v2.2 Clipping driver for pdftex
))
\adjbox@Width=\dimen190
\adjbox@Height=\dimen191
\adjbox@Depth=\dimen192
\adjbox@Totalheight=\dimen193
\adjbox@pwidth=\dimen194
\adjbox@pheight=\dimen195
\adjbox@pdepth=\dimen196
\adjbox@ptotalheight=\dimen197

(c:/texlive/2024/texmf-dist/tex/latex/ifoddpage/ifoddpage.sty
Package: ifoddpage 2022/10/18 v1.2 Conditionals for odd/even page detection
\c@checkoddpage=\count291
)
(c:/texlive/2024/texmf-dist/tex/latex/varwidth/varwidth.sty
Package: varwidth 2009/03/30 ver 0.92;  Variable-width minipages
\@vwid@box=\box62
\sift@deathcycles=\count292
\@vwid@loff=\dimen198
\@vwid@roff=\dimen199
))
(c:/texlive/2024/texmf-dist/tex/latex/pdflscape/pdflscape.sty
Package: pdflscape 2022-10-27 v0.13 Display of landscape pages in PDF

(c:/texlive/2024/texmf-dist/tex/latex/pdflscape/pdflscape-nometadata.sty
Package: pdflscape-nometadata 2022-10-28 v0.13 Display of landscape pages in PD
F (HO)

(c:/texlive/2024/texmf-dist/tex/latex/graphics/lscape.sty
Package: lscape 2020/05/28 v3.02 Landscape Pages (DPC)
)
Package pdflscape Info: Auto-detected driver: pdftex on input line 81.
))
(c:/texlive/2024/texmf-dist/tex/latex/microtype/microtype.sty
Package: microtype 2024/03/29 v3.1b Micro-typographical refinements (RS)

(c:/texlive/2024/texmf-dist/tex/latex/etoolbox/etoolbox.sty
Package: etoolbox 2020/10/05 v2.5k e-TeX tools for LaTeX (JAW)
\etb@tempcnta=\count293
)
\MT@toks=\toks28
\MT@tempbox=\box63
\MT@count=\count294
LaTeX Info: Redefining \noprotrusionifhmode on input line 1061.
LaTeX Info: Redefining \leftprotrusion on input line 1062.
\MT@prot@toks=\toks29
LaTeX Info: Redefining \rightprotrusion on input line 1081.
LaTeX Info: Redefining \textls on input line 1392.
\MT@outer@kern=\dimen256
LaTeX Info: Redefining \textmicrotypecontext on input line 2013.
\MT@listname@count=\count295

(c:/texlive/2024/texmf-dist/tex/latex/microtype/microtype-pdftex.def
File: microtype-pdftex.def 2024/03/29 v3.1b Definitions specific to pdftex (RS)

LaTeX Info: Redefining \lsstyle on input line 902.
LaTeX Info: Redefining \lslig on input line 902.
\MT@outer@space=\skip63
)
Package microtype Info: Loading configuration file microtype.cfg.

(c:/texlive/2024/texmf-dist/tex/latex/microtype/microtype.cfg
File: microtype.cfg 2024/03/29 v3.1b microtype main configuration file (RS)
))
(c:/texlive/2024/texmf-dist/tex/latex/ragged2e/ragged2e.sty
Package: ragged2e 2023/06/22 v3.6 ragged2e Package
\CenteringLeftskip=\skip64
\RaggedLeftLeftskip=\skip65
\RaggedRightLeftskip=\skip66
\CenteringRightskip=\skip67
\RaggedLeftRightskip=\skip68
\RaggedRightRightskip=\skip69
\CenteringParfillskip=\skip70
\RaggedLeftParfillskip=\skip71
\RaggedRightParfillskip=\skip72
\JustifyingParfillskip=\skip73
\CenteringParindent=\skip74
\RaggedLeftParindent=\skip75
\RaggedRightParindent=\skip76
\JustifyingParindent=\skip77
)
(c:/texlive/2024/texmf-dist/tex/latex/base/fontenc.sty
Package: fontenc 2021/04/29 v2.0v Standard LaTeX package
)
(c:/texlive/2024/texmf-dist/tex/latex/l3backend/l3backend-pdftex.def
File: l3backend-pdftex.def 2024-03-14 L3 backend support: PDF output (pdfTeX)
\l__color_backend_stack_int=\count296
\l__pdf_internal_box=\box64
)

LaTeX Warning: Unused global option(s):
    [7pt].

(./UV.aux)
\openout1 = `UV.aux'.

LaTeX Font Info:    Checking defaults for OML/cmm/m/it on input line 11.
LaTeX Font Info:    ... okay on input line 11.
LaTeX Font Info:    Checking defaults for OMS/cmsy/m/n on input line 11.
LaTeX Font Info:    ... okay on input line 11.
LaTeX Font Info:    Checking defaults for OT1/cmr/m/n on input line 11.
LaTeX Font Info:    ... okay on input line 11.
LaTeX Font Info:    Checking defaults for T1/cmr/m/n on input line 11.
LaTeX Font Info:    ... okay on input line 11.
LaTeX Font Info:    Checking defaults for TS1/cmr/m/n on input line 11.
LaTeX Font Info:    ... okay on input line 11.
LaTeX Font Info:    Checking defaults for OMX/cmex/m/n on input line 11.
LaTeX Font Info:    ... okay on input line 11.
LaTeX Font Info:    Checking defaults for U/cmr/m/n on input line 11.
LaTeX Font Info:    ... okay on input line 11.

*geometry* driver: auto-detecting
*geometry* detected driver: pdftex
*geometry* verbose mode - [ preamble ] result:
* driver: pdftex
* paper: a4paper
* layout: <same size as paper>
* layoutoffset:(h,v)=(0.0pt,0.0pt)
* modes: 
* h-part:(L,W,R)=(19.91684pt, 557.6742pt, 19.91684pt)
* v-part:(T,H,B)=(19.91684pt, 805.21317pt, 19.91684pt)
* \paperwidth=597.50787pt
* \paperheight=845.04684pt
* \textwidth=557.6742pt
* \textheight=805.21317pt
* \oddsidemargin=-52.35315pt
* \evensidemargin=-52.35315pt
* \topmargin=-89.35315pt
* \headheight=12.0pt
* \headsep=25.0pt
* \topskip=10.0pt
* \footskip=30.0pt
* \marginparwidth=65.0pt
* \marginparsep=11.0pt
* \columnsep=10.0pt
* \skip\footins=9.0pt plus 4.0pt minus 2.0pt
* \hoffset=0.0pt
* \voffset=0.0pt
* \mag=1000
* \@twocolumnfalse
* \@twosidefalse
* \@mparswitchfalse
* \@reversemarginfalse
* (1in=72.27pt=25.4mm, 1cm=28.453pt)

(c:/texlive/2024/texmf-dist/tex/context/base/mkii/supp-pdf.mkii
[Loading MPS to PDF converter (version 2006.09.02).]
\scratchcounter=\count297
\scratchdimen=\dimen257
\scratchbox=\box65
\nofMPsegments=\count298
\nofMParguments=\count299
\everyMPshowfont=\toks30
\MPscratchCnt=\count300
\MPscratchDim=\dimen258
\MPnumerator=\count301
\makeMPintoPDFobject=\count302
\everyMPtoPDFconversion=\toks31
) (c:/texlive/2024/texmf-dist/tex/latex/epstopdf-pkg/epstopdf-base.sty
Package: epstopdf-base 2020-01-24 v2.11 Base part for package epstopdf

(c:/texlive/2024/texmf-dist/tex/generic/infwarerr/infwarerr.sty
Package: infwarerr 2019/12/03 v1.5 Providing info/warning/error messages (HO)
)
(c:/texlive/2024/texmf-dist/tex/latex/grfext/grfext.sty
Package: grfext 2019/12/03 v1.3 Manage graphics extensions (HO)

(c:/texlive/2024/texmf-dist/tex/generic/kvdefinekeys/kvdefinekeys.sty
Package: kvdefinekeys 2019-12-19 v1.6 Define keys (HO)
))
(c:/texlive/2024/texmf-dist/tex/latex/kvoptions/kvoptions.sty
Package: kvoptions 2022-06-15 v3.15 Key value format for package options (HO)

(c:/texlive/2024/texmf-dist/tex/generic/ltxcmds/ltxcmds.sty
Package: ltxcmds 2023-12-04 v1.26 LaTeX kernel commands for general use (HO)
)
(c:/texlive/2024/texmf-dist/tex/latex/kvsetkeys/kvsetkeys.sty
Package: kvsetkeys 2022-10-05 v1.19 Key value parser (HO)
))
(c:/texlive/2024/texmf-dist/tex/generic/pdftexcmds/pdftexcmds.sty
Package: pdftexcmds 2020-06-27 v0.33 Utility functions of pdfTeX for LuaTeX (HO
)
Package pdftexcmds Info: \pdf@primitive is available.
Package pdftexcmds Info: \pdf@ifprimitive is available.
Package pdftexcmds Info: \pdfdraftmode found.
)
Package epstopdf-base Info: Redefining graphics rule for `.eps' on input line 4
85.
Package grfext Info: Graphics extension search list:
(grfext)             [.pdf,.png,.jpg,.mps,.jpeg,.jbig2,.jb2,.PDF,.PNG,.JPG,.JPE
G,.JBIG2,.JB2,.eps]
(grfext)             \AppendGraphicsExtensions on input line 504.

(c:/texlive/2024/texmf-dist/tex/latex/latexconfig/epstopdf-sys.cfg
File: epstopdf-sys.cfg 2010/07/13 v1.3 Configuration of (r)epstopdf for TeX Liv
e
))
LaTeX Info: Redefining \microtypecontext on input line 11.
Package microtype Info: Applying patch `item' on input line 11.
Package microtype Info: Applying patch `toc' on input line 11.
Package microtype Info: Applying patch `eqnum' on input line 11.
Package microtype Info: Applying patch `footnote' on input line 11.
Package microtype Info: Applying patch `verbatim' on input line 11.
Package microtype Info: Generating PDF output.
Package microtype Info: Character protrusion enabled (level 2).
Package microtype Info: Using default protrusion set `alltext'.
Package microtype Info: Automatic font expansion enabled (level 2),
(microtype)             stretch: 20, shrink: 20, step: 1, non-selected.
Package microtype Info: Using default expansion set `alltext-nott'.
LaTeX Info: Redefining \showhyphens on input line 11.
Package microtype Info: No adjustment of tracking.
Package microtype Info: No adjustment of interword spacing.
Package microtype Info: No adjustment of character kerning.

(c:/texlive/2024/texmf-dist/tex/latex/microtype/mt-cmr.cfg
File: mt-cmr.cfg 2013/05/19 v2.2 microtype config. file: Computer Modern Roman 
(RS)
)
LaTeX Font Info:    Trying to load font information for U+msa on input line 19.


(c:/texlive/2024/texmf-dist/tex/latex/amsfonts/umsa.fd
File: umsa.fd 2013/01/14 v3.01 AMS symbols A
)
(c:/texlive/2024/texmf-dist/tex/latex/microtype/mt-msa.cfg
File: mt-msa.cfg 2006/02/04 v1.1 microtype config. file: AMS symbols (a) (RS)
)
LaTeX Font Info:    Trying to load font information for U+msb on input line 19.


(c:/texlive/2024/texmf-dist/tex/latex/amsfonts/umsb.fd
File: umsb.fd 2013/01/14 v3.01 AMS symbols B
)
(c:/texlive/2024/texmf-dist/tex/latex/microtype/mt-msb.cfg
File: mt-msb.cfg 2005/06/01 v1.0 microtype config. file: AMS symbols (b) (RS)
)
Underfull \hbox (badness 10000) in alignment at lines 15--55
[] []
 []

[1


{c:/texlive/2024/texmf-var/fonts/map/pdftex/updmap/pdftex.map}{c:/texlive/2024/
texmf-dist/fonts/enc/dvips/cm-super/cm-super-t1.enc}]
Underfull \hbox (badness 10000) in alignment at lines 74--78
[] [] [] [] [] [] [] [] [] []
 []


Underfull \hbox (badness 10000) in alignment at lines 78--82
[] [] [] [] [] [] [] [] [] []
 []


Underfull \hbox (badness 10000) in alignment at lines 82--116
[] [] [] [] [] [] [] [] [] []
 []

[2] [3]
Underfull \hbox (badness 10000) in alignment at lines 135--139
[] [] [] [] [] [] [] [] [] []
 []


Underfull \hbox (badness 10000) in alignment at lines 139--143
[] [] [] [] [] [] [] [] [] []
 []


Underfull \hbox (badness 10000) in alignment at lines 143--177
[] [] [] [] [] [] [] [] [] []
 []

[4

]
Underfull \hbox (badness 10000) in alignment at lines 194--198
[] [] [] [] [] [] [] [] [] []
 []


Underfull \hbox (badness 10000) in alignment at lines 198--202
[] [] [] [] [] [] [] [] [] []
 []


Underfull \hbox (badness 10000) in alignment at lines 202--236
[] [] [] [] [] [] [] [] [] []
 []

[5

]
Overfull \hbox (194.73103pt too wide) in alignment at lines 258--262
[] [] [] [] [] [] [] [] [] []
 []


Overfull \hbox (194.73103pt too wide) in alignment at lines 262--266
[] [] [] [] [] [] [] [] [] []
 []


Overfull \hbox (194.73103pt too wide) in alignment at lines 266--300
[] [] [] [] [] [] [] [] [] []
 []

[6

]
Overfull \hbox (194.73103pt too wide) in alignment at lines 320--324
[] [] [] [] [] [] [] [] [] []
 []


Overfull \hbox (194.73103pt too wide) in alignment at lines 324--328
[] [] [] [] [] [] [] [] [] []
 []


Overfull \hbox (194.73103pt too wide) in alignment at lines 328--362
[] [] [] [] [] [] [] [] [] []
 []

[7

]
Underfull \hbox (badness 10000) in alignment at lines 378--382
[] [] [] [] [] [] [] [] [] []
 []


Underfull \hbox (badness 10000) in alignment at lines 382--386
[] [] [] [] [] [] [] [] [] []
 []


Underfull \hbox (badness 10000) in alignment at lines 386--420
[] [] [] [] [] [] [] [] [] []
 []

[8

]
Overfull \hbox (194.73103pt too wide) in alignment at lines 442--446
[] [] [] [] [] [] [] [] [] []
 []


Overfull \hbox (194.73103pt too wide) in alignment at lines 446--450
[] [] [] [] [] [] [] [] [] []
 []


Overfull \hbox (194.73103pt too wide) in alignment at lines 450--484
[] [] [] [] [] [] [] [] [] []
 []

[9

]
Overfull \hbox (194.73103pt too wide) in alignment at lines 504--508
[] [] [] [] [] [] [] [] [] []
 []


Overfull \hbox (194.73103pt too wide) in alignment at lines 508--512
[] [] [] [] [] [] [] [] [] []
 []


Overfull \hbox (194.73103pt too wide) in alignment at lines 512--546
[] [] [] [] [] [] [] [] [] []
 []

[10

]
Underfull \hbox (badness 10000) in alignment at lines 562--566
[] [] [] [] [] [] [] [] [] []
 []


Underfull \hbox (badness 10000) in alignment at lines 566--570
[] [] [] [] [] [] [] [] [] []
 []


Underfull \hbox (badness 10000) in alignment at lines 570--604
[] [] [] [] [] [] [] [] [] []
 []

[11

]
Overfull \hbox (194.73103pt too wide) in alignment at lines 626--630
[] [] [] [] [] [] [] [] [] []
 []


Overfull \hbox (194.73103pt too wide) in alignment at lines 630--634
[] [] [] [] [] [] [] [] [] []
 []


Overfull \hbox (194.73103pt too wide) in alignment at lines 634--668
[] [] [] [] [] [] [] [] [] []
 []

[12

]
Overfull \hbox (194.73103pt too wide) in alignment at lines 688--692
[] [] [] [] [] [] [] [] [] []
 []


Overfull \hbox (194.73103pt too wide) in alignment at lines 692--696
[] [] [] [] [] [] [] [] [] []
 []


Overfull \hbox (194.73103pt too wide) in alignment at lines 696--730
[] [] [] [] [] [] [] [] [] []
 []

[13

]
Underfull \hbox (badness 10000) in alignment at lines 746--750
[] [] [] [] [] [] [] [] [] []
 []


Underfull \hbox (badness 10000) in alignment at lines 750--754
[] [] [] [] [] [] [] [] [] []
 []


Underfull \hbox (badness 10000) in alignment at lines 754--788
[] [] [] [] [] [] [] [] [] []
 []

[14

]
Overfull \hbox (194.73103pt too wide) in alignment at lines 810--814
[] [] [] [] [] [] [] [] [] []
 []


Overfull \hbox (194.73103pt too wide) in alignment at lines 814--818
[] [] [] [] [] [] [] [] [] []
 []


Overfull \hbox (194.73103pt too wide) in alignment at lines 818--852
[] [] [] [] [] [] [] [] [] []
 []

[15

]
Overfull \hbox (194.73103pt too wide) in alignment at lines 872--876
[] [] [] [] [] [] [] [] [] []
 []


Overfull \hbox (194.73103pt too wide) in alignment at lines 876--880
[] [] [] [] [] [] [] [] [] []
 []


Overfull \hbox (194.73103pt too wide) in alignment at lines 880--914
[] [] [] [] [] [] [] [] [] []
 []

[16

]
Overfull \hbox (194.73103pt too wide) in alignment at lines 934--938
[] [] [] [] [] [] [] [] [] []
 []


Overfull \hbox (194.73103pt too wide) in alignment at lines 938--942
[] [] [] [] [] [] [] [] [] []
 []


Overfull \hbox (194.73103pt too wide) in alignment at lines 942--976
[] [] [] [] [] [] [] [] [] []
 []

[17

]
Overfull \hbox (194.73103pt too wide) in alignment at lines 996--1000
[] [] [] [] [] [] [] [] [] []
 []


Overfull \hbox (194.73103pt too wide) in alignment at lines 1000--1004
[] [] [] [] [] [] [] [] [] []
 []


Overfull \hbox (194.73103pt too wide) in alignment at lines 1004--1038
[] [] [] [] [] [] [] [] [] []
 []

[18

]
Underfull \hbox (badness 10000) in alignment at lines 1056--1060
[] [] [] [] [] [] [] [] [] []
 []


Underfull \hbox (badness 10000) in alignment at lines 1060--1064
[] [] [] [] [] [] [] [] [] []
 []


Underfull \hbox (badness 10000) in alignment at lines 1064--1098
[] [] [] [] [] [] [] [] [] []
 []

[19

]
Overfull \hbox (194.73103pt too wide) in alignment at lines 1120--1124
[] [] [] [] [] [] [] [] [] []
 []


Overfull \hbox (194.73103pt too wide) in alignment at lines 1124--1128
[] [] [] [] [] [] [] [] [] []
 []


Overfull \hbox (194.73103pt too wide) in alignment at lines 1128--1162
[] [] [] [] [] [] [] [] [] []
 []

[20

]
Overfull \hbox (194.73103pt too wide) in alignment at lines 1182--1186
[] [] [] [] [] [] [] [] [] []
 []


Overfull \hbox (194.73103pt too wide) in alignment at lines 1186--1190
[] [] [] [] [] [] [] [] [] []
 []


Overfull \hbox (194.73103pt too wide) in alignment at lines 1190--1224
[] [] [] [] [] [] [] [] [] []
 []

[21

]
Overfull \hbox (194.73103pt too wide) in alignment at lines 1244--1248
[] [] [] [] [] [] [] [] [] []
 []


Overfull \hbox (194.73103pt too wide) in alignment at lines 1248--1252
[] [] [] [] [] [] [] [] [] []
 []


Overfull \hbox (194.73103pt too wide) in alignment at lines 1252--1286
[] [] [] [] [] [] [] [] [] []
 []

[22

]
Overfull \hbox (194.73103pt too wide) in alignment at lines 1306--1310
[] [] [] [] [] [] [] [] [] []
 []


Overfull \hbox (194.73103pt too wide) in alignment at lines 1310--1314
[] [] [] [] [] [] [] [] [] []
 []


Overfull \hbox (194.73103pt too wide) in alignment at lines 1314--1348
[] [] [] [] [] [] [] [] [] []
 []

[23

]
Underfull \hbox (badness 10000) in alignment at lines 1366--1370
[] [] [] [] [] [] [] [] [] []
 []


Underfull \hbox (badness 10000) in alignment at lines 1370--1374
[] [] [] [] [] [] [] [] [] []
 []


Underfull \hbox (badness 10000) in alignment at lines 1374--1408
[] [] [] [] [] [] [] [] [] []
 []

[24

]
Overfull \hbox (194.73103pt too wide) in alignment at lines 1430--1434
[] [] [] [] [] [] [] [] [] []
 []


Overfull \hbox (194.73103pt too wide) in alignment at lines 1434--1438
[] [] [] [] [] [] [] [] [] []
 []


Overfull \hbox (194.73103pt too wide) in alignment at lines 1438--1472
[] [] [] [] [] [] [] [] [] []
 []

[25

]
Overfull \hbox (194.73103pt too wide) in alignment at lines 1492--1496
[] [] [] [] [] [] [] [] [] []
 []


Overfull \hbox (194.73103pt too wide) in alignment at lines 1496--1500
[] [] [] [] [] [] [] [] [] []
 []


Overfull \hbox (194.73103pt too wide) in alignment at lines 1500--1534
[] [] [] [] [] [] [] [] [] []
 []

[26

]
Overfull \hbox (194.73103pt too wide) in alignment at lines 1554--1558
[] [] [] [] [] [] [] [] [] []
 []


Overfull \hbox (194.73103pt too wide) in alignment at lines 1558--1562
[] [] [] [] [] [] [] [] [] []
 []


Overfull \hbox (194.73103pt too wide) in alignment at lines 1562--1596
[] [] [] [] [] [] [] [] [] []
 []

[27

]
Overfull \hbox (194.73103pt too wide) in alignment at lines 1616--1620
[] [] [] [] [] [] [] [] [] []
 []


Overfull \hbox (194.73103pt too wide) in alignment at lines 1620--1624
[] [] [] [] [] [] [] [] [] []
 []


Overfull \hbox (194.73103pt too wide) in alignment at lines 1624--1658
[] [] [] [] [] [] [] [] [] []
 []

[28

]
Underfull \hbox (badness 10000) in alignment at lines 1674--1678
[] [] [] [] [] [] [] [] [] []
 []


Underfull \hbox (badness 10000) in alignment at lines 1678--1682
[] [] [] [] [] [] [] [] [] []
 []


Underfull \hbox (badness 10000) in alignment at lines 1682--1716
[] [] [] [] [] [] [] [] [] []
 []

[29

]
Overfull \hbox (194.73103pt too wide) in alignment at lines 1738--1742
[] [] [] [] [] [] [] [] [] []
 []


Overfull \hbox (194.73103pt too wide) in alignment at lines 1742--1746
[] [] [] [] [] [] [] [] [] []
 []


Overfull \hbox (194.73103pt too wide) in alignment at lines 1746--1780
[] [] [] [] [] [] [] [] [] []
 []

[30

]
Overfull \hbox (194.73103pt too wide) in alignment at lines 1800--1804
[] [] [] [] [] [] [] [] [] []
 []


Overfull \hbox (194.73103pt too wide) in alignment at lines 1804--1808
[] [] [] [] [] [] [] [] [] []
 []


Overfull \hbox (194.73103pt too wide) in alignment at lines 1808--1842
[] [] [] [] [] [] [] [] [] []
 []

[31

]
Overfull \hbox (194.73103pt too wide) in alignment at lines 1862--1866
[] [] [] [] [] [] [] [] [] []
 []


Overfull \hbox (194.73103pt too wide) in alignment at lines 1866--1870
[] [] [] [] [] [] [] [] [] []
 []


Overfull \hbox (194.73103pt too wide) in alignment at lines 1870--1904
[] [] [] [] [] [] [] [] [] []
 []

[32

]
Overfull \hbox (194.73103pt too wide) in alignment at lines 1924--1928
[] [] [] [] [] [] [] [] [] []
 []


Overfull \hbox (194.73103pt too wide) in alignment at lines 1928--1932
[] [] [] [] [] [] [] [] [] []
 []


Overfull \hbox (194.73103pt too wide) in alignment at lines 1932--1966
[] [] [] [] [] [] [] [] [] []
 []

[33

]
Underfull \hbox (badness 10000) in alignment at lines 1982--1986
[] [] [] [] [] [] [] [] [] []
 []


Underfull \hbox (badness 10000) in alignment at lines 1986--1990
[] [] [] [] [] [] [] [] [] []
 []


Underfull \hbox (badness 10000) in alignment at lines 1990--2024
[] [] [] [] [] [] [] [] [] []
 []

[34

]
Overfull \hbox (194.73103pt too wide) in alignment at lines 2046--2050
[] [] [] [] [] [] [] [] [] []
 []


Overfull \hbox (194.73103pt too wide) in alignment at lines 2050--2054
[] [] [] [] [] [] [] [] [] []
 []


Overfull \hbox (194.73103pt too wide) in alignment at lines 2054--2088
[] [] [] [] [] [] [] [] [] []
 []

[35

]
Overfull \hbox (194.73103pt too wide) in alignment at lines 2108--2112
[] [] [] [] [] [] [] [] [] []
 []


Overfull \hbox (194.73103pt too wide) in alignment at lines 2112--2116
[] [] [] [] [] [] [] [] [] []
 []


Overfull \hbox (194.73103pt too wide) in alignment at lines 2116--2150
[] [] [] [] [] [] [] [] [] []
 []

[36

]
Overfull \hbox (194.73103pt too wide) in alignment at lines 2170--2174
[] [] [] [] [] [] [] [] [] []
 []


Overfull \hbox (194.73103pt too wide) in alignment at lines 2174--2178
[] [] [] [] [] [] [] [] [] []
 []


Overfull \hbox (194.73103pt too wide) in alignment at lines 2178--2212
[] [] [] [] [] [] [] [] [] []
 []

[37

]
Overfull \hbox (194.73103pt too wide) in alignment at lines 2232--2236
[] [] [] [] [] [] [] [] [] []
 []


Overfull \hbox (194.73103pt too wide) in alignment at lines 2236--2240
[] [] [] [] [] [] [] [] [] []
 []


Overfull \hbox (194.73103pt too wide) in alignment at lines 2240--2274
[] [] [] [] [] [] [] [] [] []
 []

[38

]
Underfull \hbox (badness 10000) in alignment at lines 2290--2294
[] [] [] [] [] [] [] [] [] []
 []


Underfull \hbox (badness 10000) in alignment at lines 2294--2298
[] [] [] [] [] [] [] [] [] []
 []


Underfull \hbox (badness 10000) in alignment at lines 2298--2332
[] [] [] [] [] [] [] [] [] []
 []

[39

]
Overfull \hbox (194.73103pt too wide) in alignment at lines 2354--2358
[] [] [] [] [] [] [] [] [] []
 []


Overfull \hbox (194.73103pt too wide) in alignment at lines 2358--2362
[] [] [] [] [] [] [] [] [] []
 []


Overfull \hbox (194.73103pt too wide) in alignment at lines 2362--2396
[] [] [] [] [] [] [] [] [] []
 []

[40

]
Overfull \hbox (194.73103pt too wide) in alignment at lines 2416--2420
[] [] [] [] [] [] [] [] [] []
 []


Overfull \hbox (194.73103pt too wide) in alignment at lines 2420--2424
[] [] [] [] [] [] [] [] [] []
 []


Overfull \hbox (194.73103pt too wide) in alignment at lines 2424--2458
[] [] [] [] [] [] [] [] [] []
 []

[41

]
Overfull \hbox (194.73103pt too wide) in alignment at lines 2478--2482
[] [] [] [] [] [] [] [] [] []
 []


Overfull \hbox (194.73103pt too wide) in alignment at lines 2482--2486
[] [] [] [] [] [] [] [] [] []
 []


Overfull \hbox (194.73103pt too wide) in alignment at lines 2486--2520
[] [] [] [] [] [] [] [] [] []
 []

[42

] [43]
Overfull \hbox (194.73103pt too wide) in alignment at lines 2540--2544
[] [] [] [] [] [] [] [] [] []
 []


Overfull \hbox (194.73103pt too wide) in alignment at lines 2544--2548
[] [] [] [] [] [] [] [] [] []
 []


Overfull \hbox (194.73103pt too wide) in alignment at lines 2548--2582
[] [] [] [] [] [] [] [] [] []
 []

[44

]
Overfull \hbox (194.73103pt too wide) in alignment at lines 2602--2606
[] [] [] [] [] [] [] [] [] []
 []


Overfull \hbox (194.73103pt too wide) in alignment at lines 2606--2610
[] [] [] [] [] [] [] [] [] []
 []


Overfull \hbox (194.73103pt too wide) in alignment at lines 2610--2644
[] [] [] [] [] [] [] [] [] []
 []

[45

]
Overfull \hbox (194.73103pt too wide) in alignment at lines 2664--2668
[] [] [] [] [] [] [] [] [] []
 []


Overfull \hbox (194.73103pt too wide) in alignment at lines 2668--2672
[] [] [] [] [] [] [] [] [] []
 []


Overfull \hbox (194.73103pt too wide) in alignment at lines 2672--2706
[] [] [] [] [] [] [] [] [] []
 []

[46

]
Underfull \hbox (badness 10000) in alignment at lines 2722--2726
[] [] [] [] [] [] [] [] [] []
 []


Underfull \hbox (badness 10000) in alignment at lines 2726--2730
[] [] [] [] [] [] [] [] [] []
 []


Underfull \hbox (badness 10000) in alignment at lines 2730--2764
[] [] [] [] [] [] [] [] [] []
 []

[47

]
Overfull \hbox (194.73103pt too wide) in alignment at lines 2786--2790
[] [] [] [] [] [] [] [] [] []
 []


Overfull \hbox (194.73103pt too wide) in alignment at lines 2790--2794
[] [] [] [] [] [] [] [] [] []
 []


Overfull \hbox (194.73103pt too wide) in alignment at lines 2794--2828
[] [] [] [] [] [] [] [] [] []
 []

[48

]
Overfull \hbox (194.73103pt too wide) in alignment at lines 2848--2852
[] [] [] [] [] [] [] [] [] []
 []


Overfull \hbox (194.73103pt too wide) in alignment at lines 2852--2856
[] [] [] [] [] [] [] [] [] []
 []


Overfull \hbox (194.73103pt too wide) in alignment at lines 2856--2890
[] [] [] [] [] [] [] [] [] []
 []

[49

]
Overfull \hbox (194.73103pt too wide) in alignment at lines 2910--2914
[] [] [] [] [] [] [] [] [] []
 []


Overfull \hbox (194.73103pt too wide) in alignment at lines 2914--2918
[] [] [] [] [] [] [] [] [] []
 []


Overfull \hbox (194.73103pt too wide) in alignment at lines 2918--2952
[] [] [] [] [] [] [] [] [] []
 []

[50

]
Overfull \hbox (194.73103pt too wide) in alignment at lines 2972--2976
[] [] [] [] [] [] [] [] [] []
 []


Overfull \hbox (194.73103pt too wide) in alignment at lines 2976--2980
[] [] [] [] [] [] [] [] [] []
 []


Overfull \hbox (194.73103pt too wide) in alignment at lines 2980--3014
[] [] [] [] [] [] [] [] [] []
 []

[51

]
Overfull \hbox (194.73103pt too wide) in alignment at lines 3034--3038
[] [] [] [] [] [] [] [] [] []
 []


Overfull \hbox (194.73103pt too wide) in alignment at lines 3038--3042
[] [] [] [] [] [] [] [] [] []
 []


Overfull \hbox (194.73103pt too wide) in alignment at lines 3042--3076
[] [] [] [] [] [] [] [] [] []
 []

[52

]
Overfull \hbox (194.73103pt too wide) in alignment at lines 3096--3100
[] [] [] [] [] [] [] [] [] []
 []


Overfull \hbox (194.73103pt too wide) in alignment at lines 3100--3104
[] [] [] [] [] [] [] [] [] []
 []


Overfull \hbox (194.73103pt too wide) in alignment at lines 3104--3138
[] [] [] [] [] [] [] [] [] []
 []

[53

]
Overfull \hbox (194.73103pt too wide) in alignment at lines 3158--3162
[] [] [] [] [] [] [] [] [] []
 []


Overfull \hbox (194.73103pt too wide) in alignment at lines 3162--3166
[] [] [] [] [] [] [] [] [] []
 []


Overfull \hbox (194.73103pt too wide) in alignment at lines 3166--3200
[] [] [] [] [] [] [] [] [] []
 []

[54

]
Overfull \hbox (194.73103pt too wide) in alignment at lines 3220--3224
[] [] [] [] [] [] [] [] [] []
 []


Overfull \hbox (194.73103pt too wide) in alignment at lines 3224--3228
[] [] [] [] [] [] [] [] [] []
 []


Overfull \hbox (194.73103pt too wide) in alignment at lines 3228--3262
[] [] [] [] [] [] [] [] [] []
 []

[55

]
Overfull \hbox (194.73103pt too wide) in alignment at lines 3282--3286
[] [] [] [] [] [] [] [] [] []
 []


Overfull \hbox (194.73103pt too wide) in alignment at lines 3286--3290
[] [] [] [] [] [] [] [] [] []
 []


Overfull \hbox (194.73103pt too wide) in alignment at lines 3290--3324
[] [] [] [] [] [] [] [] [] []
 []

[56

]
Overfull \hbox (194.73103pt too wide) in alignment at lines 3346--3350
[] [] [] [] [] [] [] [] [] []
 []


Overfull \hbox (194.73103pt too wide) in alignment at lines 3350--3354
[] [] [] [] [] [] [] [] [] []
 []


Overfull \hbox (194.73103pt too wide) in alignment at lines 3354--3388
[] [] [] [] [] [] [] [] [] []
 []

[57

]
Overfull \hbox (194.73103pt too wide) in alignment at lines 3408--3412
[] [] [] [] [] [] [] [] [] []
 []


Overfull \hbox (194.73103pt too wide) in alignment at lines 3412--3416
[] [] [] [] [] [] [] [] [] []
 []


Overfull \hbox (194.73103pt too wide) in alignment at lines 3416--3450
[] [] [] [] [] [] [] [] [] []
 []

[58

]
Overfull \hbox (194.73103pt too wide) in alignment at lines 3470--3474
[] [] [] [] [] [] [] [] [] []
 []


Overfull \hbox (194.73103pt too wide) in alignment at lines 3474--3478
[] [] [] [] [] [] [] [] [] []
 []


Overfull \hbox (194.73103pt too wide) in alignment at lines 3478--3512
[] [] [] [] [] [] [] [] [] []
 []

[59

]
Overfull \hbox (194.73103pt too wide) in alignment at lines 3532--3536
[] [] [] [] [] [] [] [] [] []
 []


Overfull \hbox (194.73103pt too wide) in alignment at lines 3536--3540
[] [] [] [] [] [] [] [] [] []
 []


Overfull \hbox (194.73103pt too wide) in alignment at lines 3540--3574
[] [] [] [] [] [] [] [] [] []
 []

[60

]
Overfull \hbox (194.73103pt too wide) in alignment at lines 3594--3598
[] [] [] [] [] [] [] [] [] []
 []


Overfull \hbox (194.73103pt too wide) in alignment at lines 3598--3602
[] [] [] [] [] [] [] [] [] []
 []


Overfull \hbox (194.73103pt too wide) in alignment at lines 3602--3636
[] [] [] [] [] [] [] [] [] []
 []

[61

]
Overfull \hbox (194.73103pt too wide) in alignment at lines 3656--3660
[] [] [] [] [] [] [] [] [] []
 []


Overfull \hbox (194.73103pt too wide) in alignment at lines 3660--3664
[] [] [] [] [] [] [] [] [] []
 []


Overfull \hbox (194.73103pt too wide) in alignment at lines 3664--3698
[] [] [] [] [] [] [] [] [] []
 []

[62

]
Overfull \hbox (194.73103pt too wide) in alignment at lines 3718--3722
[] [] [] [] [] [] [] [] [] []
 []


Overfull \hbox (194.73103pt too wide) in alignment at lines 3722--3726
[] [] [] [] [] [] [] [] [] []
 []


Overfull \hbox (194.73103pt too wide) in alignment at lines 3726--3760
[] [] [] [] [] [] [] [] [] []
 []

[63

]
Overfull \hbox (194.73103pt too wide) in alignment at lines 3780--3784
[] [] [] [] [] [] [] [] [] []
 []


Overfull \hbox (194.73103pt too wide) in alignment at lines 3784--3788
[] [] [] [] [] [] [] [] [] []
 []


Overfull \hbox (194.73103pt too wide) in alignment at lines 3788--3822
[] [] [] [] [] [] [] [] [] []
 []

[64

]
Overfull \hbox (194.73103pt too wide) in alignment at lines 3842--3846
[] [] [] [] [] [] [] [] [] []
 []


Overfull \hbox (194.73103pt too wide) in alignment at lines 3846--3850
[] [] [] [] [] [] [] [] [] []
 []


Overfull \hbox (194.73103pt too wide) in alignment at lines 3850--3884
[] [] [] [] [] [] [] [] [] []
 []

[65

]
Overfull \hbox (194.73103pt too wide) in alignment at lines 3906--3910
[] [] [] [] [] [] [] [] [] []
 []


Overfull \hbox (194.73103pt too wide) in alignment at lines 3910--3914
[] [] [] [] [] [] [] [] [] []
 []


Overfull \hbox (194.73103pt too wide) in alignment at lines 3914--3948
[] [] [] [] [] [] [] [] [] []
 []

[66

]
Overfull \hbox (194.73103pt too wide) in alignment at lines 3968--3972
[] [] [] [] [] [] [] [] [] []
 []


Overfull \hbox (194.73103pt too wide) in alignment at lines 3972--3976
[] [] [] [] [] [] [] [] [] []
 []


Overfull \hbox (194.73103pt too wide) in alignment at lines 3976--4010
[] [] [] [] [] [] [] [] [] []
 []

[67

]
Overfull \hbox (194.73103pt too wide) in alignment at lines 4030--4034
[] [] [] [] [] [] [] [] [] []
 []


Overfull \hbox (194.73103pt too wide) in alignment at lines 4034--4038
[] [] [] [] [] [] [] [] [] []
 []


Overfull \hbox (194.73103pt too wide) in alignment at lines 4038--4072
[] [] [] [] [] [] [] [] [] []
 []

[68

]
Overfull \hbox (194.73103pt too wide) in alignment at lines 4092--4096
[] [] [] [] [] [] [] [] [] []
 []


Overfull \hbox (194.73103pt too wide) in alignment at lines 4096--4100
[] [] [] [] [] [] [] [] [] []
 []


Overfull \hbox (194.73103pt too wide) in alignment at lines 4100--4134
[] [] [] [] [] [] [] [] [] []
 []

[69

]
Overfull \hbox (194.73103pt too wide) in alignment at lines 4154--4158
[] [] [] [] [] [] [] [] [] []
 []


Overfull \hbox (194.73103pt too wide) in alignment at lines 4158--4162
[] [] [] [] [] [] [] [] [] []
 []


Overfull \hbox (194.73103pt too wide) in alignment at lines 4162--4196
[] [] [] [] [] [] [] [] [] []
 []

[70

]
Overfull \hbox (194.73103pt too wide) in alignment at lines 4216--4220
[] [] [] [] [] [] [] [] [] []
 []


Overfull \hbox (194.73103pt too wide) in alignment at lines 4220--4224
[] [] [] [] [] [] [] [] [] []
 []


Overfull \hbox (194.73103pt too wide) in alignment at lines 4224--4258
[] [] [] [] [] [] [] [] [] []
 []

[71

]
Overfull \hbox (194.73103pt too wide) in alignment at lines 4278--4282
[] [] [] [] [] [] [] [] [] []
 []


Overfull \hbox (194.73103pt too wide) in alignment at lines 4282--4286
[] [] [] [] [] [] [] [] [] []
 []


Overfull \hbox (194.73103pt too wide) in alignment at lines 4286--4320
[] [] [] [] [] [] [] [] [] []
 []

[72

]
Overfull \hbox (194.73103pt too wide) in alignment at lines 4340--4344
[] [] [] [] [] [] [] [] [] []
 []


Overfull \hbox (194.73103pt too wide) in alignment at lines 4344--4348
[] [] [] [] [] [] [] [] [] []
 []


Overfull \hbox (194.73103pt too wide) in alignment at lines 4348--4382
[] [] [] [] [] [] [] [] [] []
 []

[73

]
Underfull \hbox (badness 10000) in alignment at lines 4398--4402
[] [] [] [] [] [] [] [] [] []
 []


Underfull \hbox (badness 10000) in alignment at lines 4402--4406
[] [] [] [] [] [] [] [] [] []
 []


Underfull \hbox (badness 10000) in alignment at lines 4406--4440
[] [] [] [] [] [] [] [] [] []
 []

[74

]
Overfull \hbox (194.73103pt too wide) in alignment at lines 4462--4466
[] [] [] [] [] [] [] [] [] []
 []


Overfull \hbox (194.73103pt too wide) in alignment at lines 4466--4470
[] [] [] [] [] [] [] [] [] []
 []


Overfull \hbox (194.73103pt too wide) in alignment at lines 4470--4504
[] [] [] [] [] [] [] [] [] []
 []

[75

]
Overfull \hbox (194.73103pt too wide) in alignment at lines 4524--4528
[] [] [] [] [] [] [] [] [] []
 []


Overfull \hbox (194.73103pt too wide) in alignment at lines 4528--4532
[] [] [] [] [] [] [] [] [] []
 []


Overfull \hbox (194.73103pt too wide) in alignment at lines 4532--4566
[] [] [] [] [] [] [] [] [] []
 []

[76

]
Overfull \hbox (194.73103pt too wide) in alignment at lines 4586--4590
[] [] [] [] [] [] [] [] [] []
 []


Overfull \hbox (194.73103pt too wide) in alignment at lines 4590--4594
[] [] [] [] [] [] [] [] [] []
 []


Overfull \hbox (194.73103pt too wide) in alignment at lines 4594--4628
[] [] [] [] [] [] [] [] [] []
 []

[77

]
Overfull \hbox (194.73103pt too wide) in alignment at lines 4648--4652
[] [] [] [] [] [] [] [] [] []
 []


Overfull \hbox (194.73103pt too wide) in alignment at lines 4652--4656
[] [] [] [] [] [] [] [] [] []
 []


Overfull \hbox (194.73103pt too wide) in alignment at lines 4656--4690
[] [] [] [] [] [] [] [] [] []
 []

[78

]
Overfull \hbox (194.73103pt too wide) in alignment at lines 4710--4714
[] [] [] [] [] [] [] [] [] []
 []


Overfull \hbox (194.73103pt too wide) in alignment at lines 4714--4718
[] [] [] [] [] [] [] [] [] []
 []


Overfull \hbox (194.73103pt too wide) in alignment at lines 4718--4752
[] [] [] [] [] [] [] [] [] []
 []

[79

]
Overfull \hbox (194.73103pt too wide) in alignment at lines 4772--4776
[] [] [] [] [] [] [] [] [] []
 []


Overfull \hbox (194.73103pt too wide) in alignment at lines 4776--4780
[] [] [] [] [] [] [] [] [] []
 []


Overfull \hbox (194.73103pt too wide) in alignment at lines 4780--4814
[] [] [] [] [] [] [] [] [] []
 []

[80

]
Overfull \hbox (194.73103pt too wide) in alignment at lines 4834--4838
[] [] [] [] [] [] [] [] [] []
 []


Overfull \hbox (194.73103pt too wide) in alignment at lines 4838--4842
[] [] [] [] [] [] [] [] [] []
 []


Overfull \hbox (194.73103pt too wide) in alignment at lines 4842--4876
[] [] [] [] [] [] [] [] [] []
 []

[81

]
Overfull \hbox (194.73103pt too wide) in alignment at lines 4896--4900
[] [] [] [] [] [] [] [] [] []
 []


Overfull \hbox (194.73103pt too wide) in alignment at lines 4900--4904
[] [] [] [] [] [] [] [] [] []
 []


Overfull \hbox (194.73103pt too wide) in alignment at lines 4904--4938
[] [] [] [] [] [] [] [] [] []
 []

[82

]
Underfull \hbox (badness 10000) in alignment at lines 4954--4958
[] [] [] [] [] [] [] [] [] []
 []


Underfull \hbox (badness 10000) in alignment at lines 4958--4962
[] [] [] [] [] [] [] [] [] []
 []


Underfull \hbox (badness 10000) in alignment at lines 4962--4996
[] [] [] [] [] [] [] [] [] []
 []

[83

]
Overfull \hbox (194.73103pt too wide) in alignment at lines 5018--5022
[] [] [] [] [] [] [] [] [] []
 []


Overfull \hbox (194.73103pt too wide) in alignment at lines 5022--5026
[] [] [] [] [] [] [] [] [] []
 []


Overfull \hbox (194.73103pt too wide) in alignment at lines 5026--5060
[] [] [] [] [] [] [] [] [] []
 []

[84

]
Overfull \hbox (194.73103pt too wide) in alignment at lines 5080--5084
[] [] [] [] [] [] [] [] [] []
 []


Overfull \hbox (194.73103pt too wide) in alignment at lines 5084--5088
[] [] [] [] [] [] [] [] [] []
 []


Overfull \hbox (194.73103pt too wide) in alignment at lines 5088--5122
[] [] [] [] [] [] [] [] [] []
 []

[85

]
Overfull \hbox (194.73103pt too wide) in alignment at lines 5142--5146
[] [] [] [] [] [] [] [] [] []
 []


Overfull \hbox (194.73103pt too wide) in alignment at lines 5146--5150
[] [] [] [] [] [] [] [] [] []
 []


Overfull \hbox (194.73103pt too wide) in alignment at lines 5150--5184
[] [] [] [] [] [] [] [] [] []
 []

[86

]
Overfull \hbox (194.73103pt too wide) in alignment at lines 5204--5208
[] [] [] [] [] [] [] [] [] []
 []


Overfull \hbox (194.73103pt too wide) in alignment at lines 5208--5212
[] [] [] [] [] [] [] [] [] []
 []


Overfull \hbox (194.73103pt too wide) in alignment at lines 5212--5246
[] [] [] [] [] [] [] [] [] []
 []

[87

]
Overfull \hbox (194.73103pt too wide) in alignment at lines 5266--5270
[] [] [] [] [] [] [] [] [] []
 []


Overfull \hbox (194.73103pt too wide) in alignment at lines 5270--5274
[] [] [] [] [] [] [] [] [] []
 []


Overfull \hbox (194.73103pt too wide) in alignment at lines 5274--5308
[] [] [] [] [] [] [] [] [] []
 []

[88

]
Overfull \hbox (194.73103pt too wide) in alignment at lines 5328--5332
[] [] [] [] [] [] [] [] [] []
 []


Overfull \hbox (194.73103pt too wide) in alignment at lines 5332--5336
[] [] [] [] [] [] [] [] [] []
 []


Overfull \hbox (194.73103pt too wide) in alignment at lines 5336--5370
[] [] [] [] [] [] [] [] [] []
 []

[89

]
Overfull \hbox (194.73103pt too wide) in alignment at lines 5390--5394
[] [] [] [] [] [] [] [] [] []
 []


Overfull \hbox (194.73103pt too wide) in alignment at lines 5394--5398
[] [] [] [] [] [] [] [] [] []
 []


Overfull \hbox (194.73103pt too wide) in alignment at lines 5398--5432
[] [] [] [] [] [] [] [] [] []
 []

[90

]
Overfull \hbox (194.73103pt too wide) in alignment at lines 5452--5456
[] [] [] [] [] [] [] [] [] []
 []


Overfull \hbox (194.73103pt too wide) in alignment at lines 5456--5460
[] [] [] [] [] [] [] [] [] []
 []


Overfull \hbox (194.73103pt too wide) in alignment at lines 5460--5494
[] [] [] [] [] [] [] [] [] []
 []

[91

]
Overfull \hbox (194.73103pt too wide) in alignment at lines 5514--5518
[] [] [] [] [] [] [] [] [] []
 []


Overfull \hbox (194.73103pt too wide) in alignment at lines 5518--5522
[] [] [] [] [] [] [] [] [] []
 []


Overfull \hbox (194.73103pt too wide) in alignment at lines 5522--5556
[] [] [] [] [] [] [] [] [] []
 []

[92

]
Overfull \hbox (194.73103pt too wide) in alignment at lines 5576--5580
[] [] [] [] [] [] [] [] [] []
 []


Overfull \hbox (194.73103pt too wide) in alignment at lines 5580--5584
[] [] [] [] [] [] [] [] [] []
 []


Overfull \hbox (194.73103pt too wide) in alignment at lines 5584--5618
[] [] [] [] [] [] [] [] [] []
 []

[93

]
Overfull \hbox (194.73103pt too wide) in alignment at lines 5638--5642
[] [] [] [] [] [] [] [] [] []
 []


Overfull \hbox (194.73103pt too wide) in alignment at lines 5642--5646
[] [] [] [] [] [] [] [] [] []
 []


Overfull \hbox (194.73103pt too wide) in alignment at lines 5646--5680
[] [] [] [] [] [] [] [] [] []
 []

[94

]
Underfull \hbox (badness 10000) in alignment at lines 5696--5700
[] [] [] [] [] [] [] [] [] []
 []


Underfull \hbox (badness 10000) in alignment at lines 5700--5704
[] [] [] [] [] [] [] [] [] []
 []


Underfull \hbox (badness 10000) in alignment at lines 5704--5738
[] [] [] [] [] [] [] [] [] []
 []

[95

]
Overfull \hbox (194.73103pt too wide) in alignment at lines 5760--5764
[] [] [] [] [] [] [] [] [] []
 []


Overfull \hbox (194.73103pt too wide) in alignment at lines 5764--5768
[] [] [] [] [] [] [] [] [] []
 []


Overfull \hbox (194.73103pt too wide) in alignment at lines 5768--5802
[] [] [] [] [] [] [] [] [] []
 []

[96

]
Overfull \hbox (194.73103pt too wide) in alignment at lines 5822--5826
[] [] [] [] [] [] [] [] [] []
 []


Overfull \hbox (194.73103pt too wide) in alignment at lines 5826--5830
[] [] [] [] [] [] [] [] [] []
 []


Overfull \hbox (194.73103pt too wide) in alignment at lines 5830--5864
[] [] [] [] [] [] [] [] [] []
 []

[97

]
Overfull \hbox (194.73103pt too wide) in alignment at lines 5884--5888
[] [] [] [] [] [] [] [] [] []
 []


Overfull \hbox (194.73103pt too wide) in alignment at lines 5888--5892
[] [] [] [] [] [] [] [] [] []
 []


Overfull \hbox (194.73103pt too wide) in alignment at lines 5892--5926
[] [] [] [] [] [] [] [] [] []
 []

[98

]
Overfull \hbox (194.73103pt too wide) in alignment at lines 5946--5950
[] [] [] [] [] [] [] [] [] []
 []


Overfull \hbox (194.73103pt too wide) in alignment at lines 5950--5954
[] [] [] [] [] [] [] [] [] []
 []


Overfull \hbox (194.73103pt too wide) in alignment at lines 5954--5988
[] [] [] [] [] [] [] [] [] []
 []

[99

]
Overfull \hbox (194.73103pt too wide) in alignment at lines 6008--6012
[] [] [] [] [] [] [] [] [] []
 []


Overfull \hbox (194.73103pt too wide) in alignment at lines 6012--6016
[] [] [] [] [] [] [] [] [] []
 []


Overfull \hbox (194.73103pt too wide) in alignment at lines 6016--6050
[] [] [] [] [] [] [] [] [] []
 []

[100

]
Overfull \hbox (194.73103pt too wide) in alignment at lines 6070--6074
[] [] [] [] [] [] [] [] [] []
 []


Overfull \hbox (194.73103pt too wide) in alignment at lines 6074--6078
[] [] [] [] [] [] [] [] [] []
 []


Overfull \hbox (194.73103pt too wide) in alignment at lines 6078--6112
[] [] [] [] [] [] [] [] [] []
 []

[101

]
Overfull \hbox (194.73103pt too wide) in alignment at lines 6134--6138
[] [] [] [] [] [] [] [] [] []
 []


Overfull \hbox (194.73103pt too wide) in alignment at lines 6138--6142
[] [] [] [] [] [] [] [] [] []
 []


Overfull \hbox (194.73103pt too wide) in alignment at lines 6142--6176
[] [] [] [] [] [] [] [] [] []
 []

[102

]
Overfull \hbox (194.73103pt too wide) in alignment at lines 6196--6200
[] [] [] [] [] [] [] [] [] []
 []


Overfull \hbox (194.73103pt too wide) in alignment at lines 6200--6204
[] [] [] [] [] [] [] [] [] []
 []


Overfull \hbox (194.73103pt too wide) in alignment at lines 6204--6238
[] [] [] [] [] [] [] [] [] []
 []

[103

]
Overfull \hbox (194.73103pt too wide) in alignment at lines 6258--6262
[] [] [] [] [] [] [] [] [] []
 []


Overfull \hbox (194.73103pt too wide) in alignment at lines 6262--6266
[] [] [] [] [] [] [] [] [] []
 []


Overfull \hbox (194.73103pt too wide) in alignment at lines 6266--6300
[] [] [] [] [] [] [] [] [] []
 []

[104

]
Overfull \hbox (194.73103pt too wide) in alignment at lines 6320--6324
[] [] [] [] [] [] [] [] [] []
 []


Overfull \hbox (194.73103pt too wide) in alignment at lines 6324--6328
[] [] [] [] [] [] [] [] [] []
 []


Overfull \hbox (194.73103pt too wide) in alignment at lines 6328--6362
[] [] [] [] [] [] [] [] [] []
 []

[105

]
Overfull \hbox (194.73103pt too wide) in alignment at lines 6382--6386
[] [] [] [] [] [] [] [] [] []
 []


Overfull \hbox (194.73103pt too wide) in alignment at lines 6386--6390
[] [] [] [] [] [] [] [] [] []
 []


Overfull \hbox (194.73103pt too wide) in alignment at lines 6390--6424
[] [] [] [] [] [] [] [] [] []
 []

[106

]
Overfull \hbox (194.73103pt too wide) in alignment at lines 6444--6448
[] [] [] [] [] [] [] [] [] []
 []


Overfull \hbox (194.73103pt too wide) in alignment at lines 6448--6452
[] [] [] [] [] [] [] [] [] []
 []


Overfull \hbox (194.73103pt too wide) in alignment at lines 6452--6486
[] [] [] [] [] [] [] [] [] []
 []

[107

]
Overfull \hbox (194.73103pt too wide) in alignment at lines 6506--6510
[] [] [] [] [] [] [] [] [] []
 []


Overfull \hbox (194.73103pt too wide) in alignment at lines 6510--6514
[] [] [] [] [] [] [] [] [] []
 []


Overfull \hbox (194.73103pt too wide) in alignment at lines 6514--6548
[] [] [] [] [] [] [] [] [] []
 []

[108

]
Overfull \hbox (194.73103pt too wide) in alignment at lines 6568--6572
[] [] [] [] [] [] [] [] [] []
 []


Overfull \hbox (194.73103pt too wide) in alignment at lines 6572--6576
[] [] [] [] [] [] [] [] [] []
 []


Overfull \hbox (194.73103pt too wide) in alignment at lines 6576--6610
[] [] [] [] [] [] [] [] [] []
 []

[109

]
Overfull \hbox (194.73103pt too wide) in alignment at lines 6632--6636
[] [] [] [] [] [] [] [] [] []
 []


Overfull \hbox (194.73103pt too wide) in alignment at lines 6636--6640
[] [] [] [] [] [] [] [] [] []
 []


Overfull \hbox (194.73103pt too wide) in alignment at lines 6640--6674
[] [] [] [] [] [] [] [] [] []
 []

[110

]
Overfull \hbox (194.73103pt too wide) in alignment at lines 6694--6698
[] [] [] [] [] [] [] [] [] []
 []


Overfull \hbox (194.73103pt too wide) in alignment at lines 6698--6702
[] [] [] [] [] [] [] [] [] []
 []


Overfull \hbox (194.73103pt too wide) in alignment at lines 6702--6736
[] [] [] [] [] [] [] [] [] []
 []

[111

]
Overfull \hbox (194.73103pt too wide) in alignment at lines 6756--6760
[] [] [] [] [] [] [] [] [] []
 []


Overfull \hbox (194.73103pt too wide) in alignment at lines 6760--6764
[] [] [] [] [] [] [] [] [] []
 []


Overfull \hbox (194.73103pt too wide) in alignment at lines 6764--6798
[] [] [] [] [] [] [] [] [] []
 []

[112

]
Overfull \hbox (194.73103pt too wide) in alignment at lines 6818--6822
[] [] [] [] [] [] [] [] [] []
 []


Overfull \hbox (194.73103pt too wide) in alignment at lines 6822--6826
[] [] [] [] [] [] [] [] [] []
 []


Overfull \hbox (194.73103pt too wide) in alignment at lines 6826--6860
[] [] [] [] [] [] [] [] [] []
 []

[113

]
Overfull \hbox (194.73103pt too wide) in alignment at lines 6880--6884
[] [] [] [] [] [] [] [] [] []
 []


Overfull \hbox (194.73103pt too wide) in alignment at lines 6884--6888
[] [] [] [] [] [] [] [] [] []
 []


Overfull \hbox (194.73103pt too wide) in alignment at lines 6888--6922
[] [] [] [] [] [] [] [] [] []
 []

[114

]
Underfull \hbox (badness 10000) in alignment at lines 6938--6942
[] [] [] [] [] [] [] [] [] []
 []


Underfull \hbox (badness 10000) in alignment at lines 6942--6946
[] [] [] [] [] [] [] [] [] []
 []


Underfull \hbox (badness 10000) in alignment at lines 6946--6980
[] [] [] [] [] [] [] [] [] []
 []

[115

]
Overfull \hbox (194.73103pt too wide) in alignment at lines 7002--7006
[] [] [] [] [] [] [] [] [] []
 []


Overfull \hbox (194.73103pt too wide) in alignment at lines 7006--7010
[] [] [] [] [] [] [] [] [] []
 []


Overfull \hbox (194.73103pt too wide) in alignment at lines 7010--7044
[] [] [] [] [] [] [] [] [] []
 []

[116

]
Overfull \hbox (194.73103pt too wide) in alignment at lines 7064--7068
[] [] [] [] [] [] [] [] [] []
 []


Overfull \hbox (194.73103pt too wide) in alignment at lines 7068--7072
[] [] [] [] [] [] [] [] [] []
 []


Overfull \hbox (194.73103pt too wide) in alignment at lines 7072--7106
[] [] [] [] [] [] [] [] [] []
 []

[117

]
Overfull \hbox (194.73103pt too wide) in alignment at lines 7126--7130
[] [] [] [] [] [] [] [] [] []
 []


Overfull \hbox (194.73103pt too wide) in alignment at lines 7130--7134
[] [] [] [] [] [] [] [] [] []
 []


Overfull \hbox (194.73103pt too wide) in alignment at lines 7134--7168
[] [] [] [] [] [] [] [] [] []
 []

[118

]
Overfull \hbox (194.73103pt too wide) in alignment at lines 7188--7192
[] [] [] [] [] [] [] [] [] []
 []


Overfull \hbox (194.73103pt too wide) in alignment at lines 7192--7196
[] [] [] [] [] [] [] [] [] []
 []


Overfull \hbox (194.73103pt too wide) in alignment at lines 7196--7230
[] [] [] [] [] [] [] [] [] []
 []

[119

]
Overfull \hbox (194.73103pt too wide) in alignment at lines 7250--7254
[] [] [] [] [] [] [] [] [] []
 []


Overfull \hbox (194.73103pt too wide) in alignment at lines 7254--7258
[] [] [] [] [] [] [] [] [] []
 []


Overfull \hbox (194.73103pt too wide) in alignment at lines 7258--7292
[] [] [] [] [] [] [] [] [] []
 []

[120

]
Overfull \hbox (194.73103pt too wide) in alignment at lines 7312--7316
[] [] [] [] [] [] [] [] [] []
 []


Overfull \hbox (194.73103pt too wide) in alignment at lines 7316--7320
[] [] [] [] [] [] [] [] [] []
 []


Overfull \hbox (194.73103pt too wide) in alignment at lines 7320--7354
[] [] [] [] [] [] [] [] [] []
 []

[121

]
Overfull \hbox (194.73103pt too wide) in alignment at lines 7374--7378
[] [] [] [] [] [] [] [] [] []
 []


Overfull \hbox (194.73103pt too wide) in alignment at lines 7378--7382
[] [] [] [] [] [] [] [] [] []
 []


Overfull \hbox (194.73103pt too wide) in alignment at lines 7382--7416
[] [] [] [] [] [] [] [] [] []
 []

[122

]
Underfull \hbox (badness 10000) in alignment at lines 7434--7438
[] [] [] [] [] [] [] [] [] []
 []


Underfull \hbox (badness 10000) in alignment at lines 7438--7442
[] [] [] [] [] [] [] [] [] []
 []


Underfull \hbox (badness 10000) in alignment at lines 7442--7476
[] [] [] [] [] [] [] [] [] []
 []

[123

]
Overfull \hbox (194.73103pt too wide) in alignment at lines 7498--7502
[] [] [] [] [] [] [] [] [] []
 []


Overfull \hbox (194.73103pt too wide) in alignment at lines 7502--7506
[] [] [] [] [] [] [] [] [] []
 []


Overfull \hbox (194.73103pt too wide) in alignment at lines 7506--7540
[] [] [] [] [] [] [] [] [] []
 []

[124

]
Overfull \hbox (194.73103pt too wide) in alignment at lines 7560--7564
[] [] [] [] [] [] [] [] [] []
 []


Overfull \hbox (194.73103pt too wide) in alignment at lines 7564--7568
[] [] [] [] [] [] [] [] [] []
 []


Overfull \hbox (194.73103pt too wide) in alignment at lines 7568--7602
[] [] [] [] [] [] [] [] [] []
 []

[125

]
Overfull \hbox (194.73103pt too wide) in alignment at lines 7622--7626
[] [] [] [] [] [] [] [] [] []
 []


Overfull \hbox (194.73103pt too wide) in alignment at lines 7626--7630
[] [] [] [] [] [] [] [] [] []
 []


Overfull \hbox (194.73103pt too wide) in alignment at lines 7630--7664
[] [] [] [] [] [] [] [] [] []
 []

[126

]
Overfull \hbox (194.73103pt too wide) in alignment at lines 7684--7688
[] [] [] [] [] [] [] [] [] []
 []


Overfull \hbox (194.73103pt too wide) in alignment at lines 7688--7692
[] [] [] [] [] [] [] [] [] []
 []


Overfull \hbox (194.73103pt too wide) in alignment at lines 7692--7726
[] [] [] [] [] [] [] [] [] []
 []

[127

]
Overfull \hbox (194.73103pt too wide) in alignment at lines 7746--7750
[] [] [] [] [] [] [] [] [] []
 []


Overfull \hbox (194.73103pt too wide) in alignment at lines 7750--7754
[] [] [] [] [] [] [] [] [] []
 []


Overfull \hbox (194.73103pt too wide) in alignment at lines 7754--7788
[] [] [] [] [] [] [] [] [] []
 []

[128

]
Overfull \hbox (194.73103pt too wide) in alignment at lines 7808--7812
[] [] [] [] [] [] [] [] [] []
 []


Overfull \hbox (194.73103pt too wide) in alignment at lines 7812--7816
[] [] [] [] [] [] [] [] [] []
 []


Overfull \hbox (194.73103pt too wide) in alignment at lines 7816--7850
[] [] [] [] [] [] [] [] [] []
 []

[129

]
Overfull \hbox (194.73103pt too wide) in alignment at lines 7870--7874
[] [] [] [] [] [] [] [] [] []
 []


Overfull \hbox (194.73103pt too wide) in alignment at lines 7874--7878
[] [] [] [] [] [] [] [] [] []
 []


Overfull \hbox (194.73103pt too wide) in alignment at lines 7878--7912
[] [] [] [] [] [] [] [] [] []
 []

[130

]
Underfull \hbox (badness 10000) in alignment at lines 7930--7934
[] [] [] [] [] [] [] [] [] []
 []


Underfull \hbox (badness 10000) in alignment at lines 7934--7938
[] [] [] [] [] [] [] [] [] []
 []


Underfull \hbox (badness 10000) in alignment at lines 7938--7972
[] [] [] [] [] [] [] [] [] []
 []

[131

]
Overfull \hbox (194.73103pt too wide) in alignment at lines 7994--7998
[] [] [] [] [] [] [] [] [] []
 []


Overfull \hbox (194.73103pt too wide) in alignment at lines 7998--8002
[] [] [] [] [] [] [] [] [] []
 []


Overfull \hbox (194.73103pt too wide) in alignment at lines 8002--8036
[] [] [] [] [] [] [] [] [] []
 []

[132

]
Overfull \hbox (194.73103pt too wide) in alignment at lines 8056--8060
[] [] [] [] [] [] [] [] [] []
 []


Overfull \hbox (194.73103pt too wide) in alignment at lines 8060--8064
[] [] [] [] [] [] [] [] [] []
 []


Overfull \hbox (194.73103pt too wide) in alignment at lines 8064--8098
[] [] [] [] [] [] [] [] [] []
 []

[133

]
Overfull \hbox (194.73103pt too wide) in alignment at lines 8118--8122
[] [] [] [] [] [] [] [] [] []
 []


Overfull \hbox (194.73103pt too wide) in alignment at lines 8122--8126
[] [] [] [] [] [] [] [] [] []
 []


Overfull \hbox (194.73103pt too wide) in alignment at lines 8126--8160
[] [] [] [] [] [] [] [] [] []
 []

[134

]
Overfull \hbox (194.73103pt too wide) in alignment at lines 8180--8184
[] [] [] [] [] [] [] [] [] []
 []


Overfull \hbox (194.73103pt too wide) in alignment at lines 8184--8188
[] [] [] [] [] [] [] [] [] []
 []


Overfull \hbox (194.73103pt too wide) in alignment at lines 8188--8222
[] [] [] [] [] [] [] [] [] []
 []

[135

]
Underfull \hbox (badness 10000) in alignment at lines 8238--8242
[] [] [] [] [] [] [] [] [] []
 []


Underfull \hbox (badness 10000) in alignment at lines 8242--8246
[] [] [] [] [] [] [] [] [] []
 []


Underfull \hbox (badness 10000) in alignment at lines 8246--8280
[] [] [] [] [] [] [] [] [] []
 []

[136

]
Overfull \hbox (194.73103pt too wide) in alignment at lines 8302--8306
[] [] [] [] [] [] [] [] [] []
 []


Overfull \hbox (194.73103pt too wide) in alignment at lines 8306--8310
[] [] [] [] [] [] [] [] [] []
 []


Overfull \hbox (194.73103pt too wide) in alignment at lines 8310--8344
[] [] [] [] [] [] [] [] [] []
 []

[137

]
Overfull \hbox (194.73103pt too wide) in alignment at lines 8364--8368
[] [] [] [] [] [] [] [] [] []
 []


Overfull \hbox (194.73103pt too wide) in alignment at lines 8368--8372
[] [] [] [] [] [] [] [] [] []
 []


Overfull \hbox (194.73103pt too wide) in alignment at lines 8372--8406
[] [] [] [] [] [] [] [] [] []
 []

[138

]
Overfull \hbox (194.73103pt too wide) in alignment at lines 8426--8430
[] [] [] [] [] [] [] [] [] []
 []


Overfull \hbox (194.73103pt too wide) in alignment at lines 8430--8434
[] [] [] [] [] [] [] [] [] []
 []


Overfull \hbox (194.73103pt too wide) in alignment at lines 8434--8468
[] [] [] [] [] [] [] [] [] []
 []

[139

]
Overfull \hbox (194.73103pt too wide) in alignment at lines 8488--8492
[] [] [] [] [] [] [] [] [] []
 []


Overfull \hbox (194.73103pt too wide) in alignment at lines 8492--8496
[] [] [] [] [] [] [] [] [] []
 []


Overfull \hbox (194.73103pt too wide) in alignment at lines 8496--8530
[] [] [] [] [] [] [] [] [] []
 []

[140

]
Underfull \hbox (badness 10000) in alignment at lines 8548--8552
[] [] [] [] [] [] [] [] [] []
 []


Underfull \hbox (badness 10000) in alignment at lines 8552--8556
[] [] [] [] [] [] [] [] [] []
 []


Underfull \hbox (badness 10000) in alignment at lines 8556--8590
[] [] [] [] [] [] [] [] [] []
 []

[141

]
Overfull \hbox (194.73103pt too wide) in alignment at lines 8612--8616
[] [] [] [] [] [] [] [] [] []
 []


Overfull \hbox (194.73103pt too wide) in alignment at lines 8616--8620
[] [] [] [] [] [] [] [] [] []
 []


Overfull \hbox (194.73103pt too wide) in alignment at lines 8620--8654
[] [] [] [] [] [] [] [] [] []
 []

[142

]
Overfull \hbox (194.73103pt too wide) in alignment at lines 8674--8678
[] [] [] [] [] [] [] [] [] []
 []


Overfull \hbox (194.73103pt too wide) in alignment at lines 8678--8682
[] [] [] [] [] [] [] [] [] []
 []


Overfull \hbox (194.73103pt too wide) in alignment at lines 8682--8716
[] [] [] [] [] [] [] [] [] []
 []

[143

]
Overfull \hbox (194.73103pt too wide) in alignment at lines 8736--8740
[] [] [] [] [] [] [] [] [] []
 []


Overfull \hbox (194.73103pt too wide) in alignment at lines 8740--8744
[] [] [] [] [] [] [] [] [] []
 []


Overfull \hbox (194.73103pt too wide) in alignment at lines 8744--8778
[] [] [] [] [] [] [] [] [] []
 []

[144

]
Overfull \hbox (194.73103pt too wide) in alignment at lines 8798--8802
[] [] [] [] [] [] [] [] [] []
 []


Overfull \hbox (194.73103pt too wide) in alignment at lines 8802--8806
[] [] [] [] [] [] [] [] [] []
 []


Overfull \hbox (194.73103pt too wide) in alignment at lines 8806--8840
[] [] [] [] [] [] [] [] [] []
 []

[145

]
Overfull \hbox (194.73103pt too wide) in alignment at lines 8862--8866
[] [] [] [] [] [] [] [] [] []
 []


Overfull \hbox (194.73103pt too wide) in alignment at lines 8866--8870
[] [] [] [] [] [] [] [] [] []
 []


Overfull \hbox (194.73103pt too wide) in alignment at lines 8870--8904
[] [] [] [] [] [] [] [] [] []
 []

[146

]
Overfull \hbox (194.73103pt too wide) in alignment at lines 8924--8928
[] [] [] [] [] [] [] [] [] []
 []


Overfull \hbox (194.73103pt too wide) in alignment at lines 8928--8932
[] [] [] [] [] [] [] [] [] []
 []


Overfull \hbox (194.73103pt too wide) in alignment at lines 8932--8966
[] [] [] [] [] [] [] [] [] []
 []

[147

]
Overfull \hbox (194.73103pt too wide) in alignment at lines 8986--8990
[] [] [] [] [] [] [] [] [] []
 []


Overfull \hbox (194.73103pt too wide) in alignment at lines 8990--8994
[] [] [] [] [] [] [] [] [] []
 []


Overfull \hbox (194.73103pt too wide) in alignment at lines 8994--9028
[] [] [] [] [] [] [] [] [] []
 []

[148

]
Overfull \hbox (194.73103pt too wide) in alignment at lines 9048--9052
[] [] [] [] [] [] [] [] [] []
 []


Overfull \hbox (194.73103pt too wide) in alignment at lines 9052--9056
[] [] [] [] [] [] [] [] [] []
 []


Overfull \hbox (194.73103pt too wide) in alignment at lines 9056--9090
[] [] [] [] [] [] [] [] [] []
 []

[149

]
Overfull \hbox (194.73103pt too wide) in alignment at lines 9110--9114
[] [] [] [] [] [] [] [] [] []
 []


Overfull \hbox (194.73103pt too wide) in alignment at lines 9114--9118
[] [] [] [] [] [] [] [] [] []
 []


Overfull \hbox (194.73103pt too wide) in alignment at lines 9118--9152
[] [] [] [] [] [] [] [] [] []
 []

[150

]
Overfull \hbox (194.73103pt too wide) in alignment at lines 9172--9176
[] [] [] [] [] [] [] [] [] []
 []


Overfull \hbox (194.73103pt too wide) in alignment at lines 9176--9180
[] [] [] [] [] [] [] [] [] []
 []


Overfull \hbox (194.73103pt too wide) in alignment at lines 9180--9214
[] [] [] [] [] [] [] [] [] []
 []

[151

]
Overfull \hbox (194.73103pt too wide) in alignment at lines 9236--9240
[] [] [] [] [] [] [] [] [] []
 []


Overfull \hbox (194.73103pt too wide) in alignment at lines 9240--9244
[] [] [] [] [] [] [] [] [] []
 []


Overfull \hbox (194.73103pt too wide) in alignment at lines 9244--9278
[] [] [] [] [] [] [] [] [] []
 []

[152

]
Overfull \hbox (194.73103pt too wide) in alignment at lines 9298--9302
[] [] [] [] [] [] [] [] [] []
 []


Overfull \hbox (194.73103pt too wide) in alignment at lines 9302--9306
[] [] [] [] [] [] [] [] [] []
 []


Overfull \hbox (194.73103pt too wide) in alignment at lines 9306--9340
[] [] [] [] [] [] [] [] [] []
 []

[153

]
Overfull \hbox (194.73103pt too wide) in alignment at lines 9360--9364
[] [] [] [] [] [] [] [] [] []
 []


Overfull \hbox (194.73103pt too wide) in alignment at lines 9364--9368
[] [] [] [] [] [] [] [] [] []
 []


Overfull \hbox (194.73103pt too wide) in alignment at lines 9368--9402
[] [] [] [] [] [] [] [] [] []
 []

[154

]
Overfull \hbox (194.73103pt too wide) in alignment at lines 9422--9426
[] [] [] [] [] [] [] [] [] []
 []


Overfull \hbox (194.73103pt too wide) in alignment at lines 9426--9430
[] [] [] [] [] [] [] [] [] []
 []


Overfull \hbox (194.73103pt too wide) in alignment at lines 9430--9464
[] [] [] [] [] [] [] [] [] []
 []

[155

]
Underfull \hbox (badness 10000) in alignment at lines 9482--9486
[] [] [] [] [] [] [] [] [] []
 []


Underfull \hbox (badness 10000) in alignment at lines 9486--9490
[] [] [] [] [] [] [] [] [] []
 []


Underfull \hbox (badness 10000) in alignment at lines 9490--9524
[] [] [] [] [] [] [] [] [] []
 []

[156

]
Overfull \hbox (194.73103pt too wide) in alignment at lines 9546--9550
[] [] [] [] [] [] [] [] [] []
 []


Overfull \hbox (194.73103pt too wide) in alignment at lines 9550--9554
[] [] [] [] [] [] [] [] [] []
 []


Overfull \hbox (194.73103pt too wide) in alignment at lines 9554--9588
[] [] [] [] [] [] [] [] [] []
 []

[157

]
Overfull \hbox (194.73103pt too wide) in alignment at lines 9608--9612
[] [] [] [] [] [] [] [] [] []
 []


Overfull \hbox (194.73103pt too wide) in alignment at lines 9612--9616
[] [] [] [] [] [] [] [] [] []
 []


Overfull \hbox (194.73103pt too wide) in alignment at lines 9616--9650
[] [] [] [] [] [] [] [] [] []
 []

[158

]
Overfull \hbox (194.73103pt too wide) in alignment at lines 9670--9674
[] [] [] [] [] [] [] [] [] []
 []


Overfull \hbox (194.73103pt too wide) in alignment at lines 9674--9678
[] [] [] [] [] [] [] [] [] []
 []


Overfull \hbox (194.73103pt too wide) in alignment at lines 9678--9712
[] [] [] [] [] [] [] [] [] []
 []

[159

]
Overfull \hbox (194.73103pt too wide) in alignment at lines 9732--9736
[] [] [] [] [] [] [] [] [] []
 []


Overfull \hbox (194.73103pt too wide) in alignment at lines 9736--9740
[] [] [] [] [] [] [] [] [] []
 []


Overfull \hbox (194.73103pt too wide) in alignment at lines 9740--9774
[] [] [] [] [] [] [] [] [] []
 []

[160

]
Overfull \hbox (194.73103pt too wide) in alignment at lines 9794--9798
[] [] [] [] [] [] [] [] [] []
 []


Overfull \hbox (194.73103pt too wide) in alignment at lines 9798--9802
[] [] [] [] [] [] [] [] [] []
 []


Overfull \hbox (194.73103pt too wide) in alignment at lines 9802--9836
[] [] [] [] [] [] [] [] [] []
 []

[161

]
Underfull \hbox (badness 10000) in alignment at lines 9854--9858
[] [] [] [] [] [] [] [] [] []
 []


Underfull \hbox (badness 10000) in alignment at lines 9858--9862
[] [] [] [] [] [] [] [] [] []
 []


Underfull \hbox (badness 10000) in alignment at lines 9862--9896
[] [] [] [] [] [] [] [] [] []
 []

[162

]
Overfull \hbox (194.73103pt too wide) in alignment at lines 9918--9922
[] [] [] [] [] [] [] [] [] []
 []


Overfull \hbox (194.73103pt too wide) in alignment at lines 9922--9926
[] [] [] [] [] [] [] [] [] []
 []


Overfull \hbox (194.73103pt too wide) in alignment at lines 9926--9960
[] [] [] [] [] [] [] [] [] []
 []

[163

]
Overfull \hbox (194.73103pt too wide) in alignment at lines 9980--9984
[] [] [] [] [] [] [] [] [] []
 []


Overfull \hbox (194.73103pt too wide) in alignment at lines 9984--9988
[] [] [] [] [] [] [] [] [] []
 []


Overfull \hbox (194.73103pt too wide) in alignment at lines 9988--10022
[] [] [] [] [] [] [] [] [] []
 []

[164

]
Overfull \hbox (194.73103pt too wide) in alignment at lines 10042--10046
[] [] [] [] [] [] [] [] [] []
 []


Overfull \hbox (194.73103pt too wide) in alignment at lines 10046--10050
[] [] [] [] [] [] [] [] [] []
 []


Overfull \hbox (194.73103pt too wide) in alignment at lines 10050--10084
[] [] [] [] [] [] [] [] [] []
 []

[165

]
Overfull \hbox (194.73103pt too wide) in alignment at lines 10104--10108
[] [] [] [] [] [] [] [] [] []
 []


Overfull \hbox (194.73103pt too wide) in alignment at lines 10108--10112
[] [] [] [] [] [] [] [] [] []
 []


Overfull \hbox (194.73103pt too wide) in alignment at lines 10112--10146
[] [] [] [] [] [] [] [] [] []
 []

[166

]
Underfull \hbox (badness 10000) in alignment at lines 10164--10168
[] [] [] [] [] [] [] [] [] []
 []


Underfull \hbox (badness 10000) in alignment at lines 10168--10172
[] [] [] [] [] [] [] [] [] []
 []


Underfull \hbox (badness 10000) in alignment at lines 10172--10206
[] [] [] [] [] [] [] [] [] []
 []

[167

]
Overfull \hbox (194.73103pt too wide) in alignment at lines 10228--10232
[] [] [] [] [] [] [] [] [] []
 []


Overfull \hbox (194.73103pt too wide) in alignment at lines 10232--10236
[] [] [] [] [] [] [] [] [] []
 []


Overfull \hbox (194.73103pt too wide) in alignment at lines 10236--10270
[] [] [] [] [] [] [] [] [] []
 []

[168

]
Overfull \hbox (194.73103pt too wide) in alignment at lines 10290--10294
[] [] [] [] [] [] [] [] [] []
 []


Overfull \hbox (194.73103pt too wide) in alignment at lines 10294--10298
[] [] [] [] [] [] [] [] [] []
 []


Overfull \hbox (194.73103pt too wide) in alignment at lines 10298--10332
[] [] [] [] [] [] [] [] [] []
 []

[169

]
Overfull \hbox (194.73103pt too wide) in alignment at lines 10352--10356
[] [] [] [] [] [] [] [] [] []
 []


Overfull \hbox (194.73103pt too wide) in alignment at lines 10356--10360
[] [] [] [] [] [] [] [] [] []
 []


Overfull \hbox (194.73103pt too wide) in alignment at lines 10360--10394
[] [] [] [] [] [] [] [] [] []
 []

[170

]
Overfull \hbox (194.73103pt too wide) in alignment at lines 10414--10418
[] [] [] [] [] [] [] [] [] []
 []


Overfull \hbox (194.73103pt too wide) in alignment at lines 10418--10422
[] [] [] [] [] [] [] [] [] []
 []


Overfull \hbox (194.73103pt too wide) in alignment at lines 10422--10456
[] [] [] [] [] [] [] [] [] []
 []

[171

]
Overfull \hbox (194.73103pt too wide) in alignment at lines 10476--10480
[] [] [] [] [] [] [] [] [] []
 []


Overfull \hbox (194.73103pt too wide) in alignment at lines 10480--10484
[] [] [] [] [] [] [] [] [] []
 []


Overfull \hbox (194.73103pt too wide) in alignment at lines 10484--10518
[] [] [] [] [] [] [] [] [] []
 []

[172

]
Overfull \hbox (194.73103pt too wide) in alignment at lines 10538--10542
[] [] [] [] [] [] [] [] [] []
 []


Overfull \hbox (194.73103pt too wide) in alignment at lines 10542--10546
[] [] [] [] [] [] [] [] [] []
 []


Overfull \hbox (194.73103pt too wide) in alignment at lines 10546--10580
[] [] [] [] [] [] [] [] [] []
 []

[173

] (./UV.aux)
 ***********
LaTeX2e <2023-11-01> patch level 1
L3 programming layer <2024-03-14>
 ***********
 ) 
Here is how much of TeX's memory you used:
 8387 strings out of 474103
 134238 string characters out of 5747481
 2006496 words of memory out of 5000000
 30577 multiletter control sequences out of 15000+600000
 569826 words of font info for 85 fonts, out of 8000000 for 9000
 1141 hyphenation exceptions out of 8191
 86i,15n,93p,999b,481s stack positions out of 10000i,1000n,20000p,200000b,200000s
<c:/texlive/2024/texmf-dist/fonts/type1/public/amsfonts/cm/cmex10.pfb><c:/tex
live/2024/texmf-dist/fonts/type1/public/amsfonts/cmextra/cmex7.pfb><c:/texlive/
2024/texmf-dist/fonts/type1/public/amsfonts/cm/cmmi10.pfb><c:/texlive/2024/texm
f-dist/fonts/type1/public/amsfonts/cm/cmmi12.pfb><c:/texlive/2024/texmf-dist/fo
nts/type1/public/amsfonts/cm/cmmi5.pfb><c:/texlive/2024/texmf-dist/fonts/type1/
public/amsfonts/cm/cmmi7.pfb><c:/texlive/2024/texmf-dist/fonts/type1/public/ams
fonts/cm/cmr10.pfb><c:/texlive/2024/texmf-dist/fonts/type1/public/amsfonts/cm/c
mr5.pfb><c:/texlive/2024/texmf-dist/fonts/type1/public/amsfonts/cm/cmr7.pfb><c:
/texlive/2024/texmf-dist/fonts/type1/public/amsfonts/cm/cmsy10.pfb><c:/texlive/
2024/texmf-dist/fonts/type1/public/amsfonts/cm/cmsy5.pfb><c:/texlive/2024/texmf
-dist/fonts/type1/public/amsfonts/cm/cmsy7.pfb><c:/texlive/2024/texmf-dist/font
s/type1/public/cm-super/sfbx0500.pfb><c:/texlive/2024/texmf-dist/fonts/type1/pu
blic/cm-super/sfbx1000.pfb><c:/texlive/2024/texmf-dist/fonts/type1/public/cm-su
per/sfbx1200.pfb><c:/texlive/2024/texmf-dist/fonts/type1/public/cm-super/sfbx14
40.pfb><c:/texlive/2024/texmf-dist/fonts/type1/public/cm-super/sfrm0500.pfb><c:
/texlive/2024/texmf-dist/fonts/type1/public/cm-super/sfrm1000.pfb>
Output written on UV.pdf (173 pages, 669263 bytes).
PDF statistics:
 653 PDF objects out of 1000 (max. 8388607)
 437 compressed objects within 5 object streams
 0 named destinations out of 1000 (max. 500000)
 26625 words of extra memory for PDF output out of 29859 (max. 10000000)

