Loading Matchete...
by Javier Fuentes-Martín, Matthias König, Julie Pagès, Anders Eller Thomsen, and Felix Wilsch 
Contributors:   Javier López Miras, and Adrián Moreno-Sánchez 
Reference:      Hyperlink[arXiv:2212.04510, https://arxiv.org/abs/2212.04510]
Website:        Hyperlink[https://matchete.gitlab.io, https://matchete.gitlab.io]
Model database: Hyperlink[https://gitlab.com/matchete/model-database, https://gitlab.com/matchete/model-database]
Repository:     Hyperlink[https://gitlab.com/matchete/matchete, https://gitlab.com/matchete/matchete]
Matchete loaded successfully.
Model: T3-d4-d4-F5, alpha = 0
Scalar1 (d,Y) = {4, 0}
Scalar2 (d,Y) = {4, 1}
Fermion (d,Y) = {5, 1/2}
Build stage 1/4: load SM
  LoadModel result: OK
Build stage 2/4: define BSM fields
  Defined BSM SU(2) representation T3BSMd5 with d=5, Dynkin={4}
  Defined BSM SU(2) representation T3BSMd4 with d=4, Dynkin={3}
  field definition result: InputForm[True]
Build stage 3/4: define couplings
  coupling definition result: InputForm[True]
Build stage 4/4: define generic SU(2) CG tensors
  Defined BSM SU(2) representation T3BSMd2 with d=2, Dynkin={1}
  CG T3Y1CG: dims={2, 5, 4}, oriented algebra reps=InputForm[{CRep[{1}], {4}, {3}}], CG reps=InputForm[{SU2L[fund], T3BSMd5, Bar[T3BSMd4]}], symmetric positions={}
    InvariantTensors result head: List, count=1
    DefineCG result: InputForm[T3Y1CG]
  CG T3Y2CG: dims={2, 5, 4}, oriented algebra reps=InputForm[{CRep[{1}], {4}, CRep[{3}]}], CG reps=InputForm[{SU2L[fund], T3BSMd5, T3BSMd4}], symmetric positions={}
    InvariantTensors result head: List, count=1
    DefineCG result: InputForm[T3Y2CG]
  CG T3MixCG: dims={2, 2, 4, 4}, oriented algebra reps=InputForm[{{1}, {1}, {3}, CRep[{3}]}], CG reps=InputForm[{Bar[SU2L[fund]], Bar[SU2L[fund]], Bar[T3BSMd4], T3BSMd4}], symmetric positions={1, 2}
    InvariantTensors result head: List, count=1
    DefineCG result: InputForm[T3MixCG]
  CG definition result: InputForm[<|Yukawa1 -> T3Y1CG, Yukawa2 -> T3Y2CG, Mixing -> T3MixCG|>]
Checking candidate: Yukawa1_GenericCG
  result: InputForm[True]
Checking candidate: Yukawa2_GenericCG
  result: InputForm[True]
Checking candidate: Scalar1Self
  result: InputForm[True]
Checking candidate: Scalar2Self
  result: InputForm[True]
Checking candidate: HiggsPortal1
  result: InputForm[True]
Checking candidate: HiggsPortal2
  result: InputForm[True]
Checking candidate: ScalarCrossPortal
  result: InputForm[True]
Checking candidate: T3ScalarMix_GenericCG
  result: InputForm[True]
Accepted interactions: {Yukawa1_GenericCG, Yukawa2_GenericCG, Scalar1Self, Scalar2Self, HiggsPortal1, HiggsPortal2, ScalarCrossPortal, T3ScalarMix_GenericCG}
T3 ingredients present: True

Running Matchete matching...
EFT order: 5; loop order: 1
Running Match...

FrontEndObject::notavail: A front end is not available; certain operations require a front end.

FrontEndObject::notavail: A front end is not available; certain operations require a front end.

FrontEndObject::notavail: A front end is not available; certain operations require a front end.

General::stop: Further output of FrontEndObject::notavail will be suppressed during this calculation.
Running GreensSimplify...
Running EOMSimplify...
>> The Lagrangian contains terms of lower power than dimension 4. Defining effective couplings and assuming these terms to be dimension 4. Use 'PrintEffectiveCouplings' and 'ReplaceEffectiveCouplings' to recover explicit expressions.
Running EvaluateLoopFunctions...
Running ReplaceEffectiveCouplings...
Matching pipeline completed successfully.
Weinberg operator present: True
Weinberg contributions isolated: 8
C5 extraction: Success (holomorphic terms: 4; HC terms: 4)
