Loading Matchete...
by Javier Fuentes-Martín, Matthias König, Julie Pagès, Anders Eller Thomsen, and Felix Wilsch 
Contributors:   Javier López Miras, and Adrián Moreno-Sánchez 
Reference:      Hyperlink[arXiv:2212.04510, https://arxiv.org/abs/2212.04510]
Website:        Hyperlink[https://matchete.gitlab.io, https://matchete.gitlab.io]
Model database: Hyperlink[https://gitlab.com/matchete/model-database, https://gitlab.com/matchete/model-database]
Repository:     Hyperlink[https://gitlab.com/matchete/matchete, https://gitlab.com/matchete/matchete]
Matchete loaded successfully.
Model: T3-d3-d1-F2, alpha = -2
Scalar1 (d,Y) = {3, -1}
Scalar2 (d,Y) = {1, 0}
Fermion (d,Y) = {2, -1/2}
Build stage 1/4: load SM
  LoadModel result: OK
Build stage 2/4: define BSM fields
  Defined BSM SU(2) representation T3BSMd2 with d=2, Dynkin={1}
  Defined BSM SU(2) representation T3BSMd3 with d=3, Dynkin={2}
  field definition result: True
Build stage 3/4: define couplings
  coupling definition result: True
Build stage 4/4: legacy d<=3 contractions (no custom CG setup)
  lambdaS1: raw SU(2) invariants=3, physical invariants=2
  lambdaS2: raw SU(2) invariants=1, physical invariants=1
  lambdaH1: raw SU(2) invariants=2, physical invariants=2
  lambdaH2: raw SU(2) invariants=1, physical invariants=1
  lambda12: raw SU(2) invariants=1, physical invariants=1
Checking candidate: Yukawa1_Gen

CheckLagrangian::ContractedIndices: The input Lagrangian contains open indices or a mismatch of bared and not bared indices.
  result: InputForm[$Failed]
Checking candidate: Yukawa1_EpsGen
  result: InputForm[True]
Checking candidate: Yukawa2_Direct
  result: InputForm[True]
Checking candidate: Yukawa2_Eps

CheckLagrangian::ContractedIndices: The input Lagrangian contains open indices or a mismatch of bared and not bared indices.
  result: InputForm[$Failed]
Checking candidate: Scalar1SelfInv1
  result: InputForm[True]
Checking candidate: Scalar1SelfInv2
  result: InputForm[True]
Checking candidate: Scalar2SelfInv1
  result: InputForm[True]
Checking candidate: HiggsPortal1Inv1
  result: InputForm[True]
Checking candidate: HiggsPortal1Inv2
  result: InputForm[True]
Checking candidate: HiggsPortal2Inv1
  result: InputForm[True]
Checking candidate: ScalarCrossPortalInv1
  result: InputForm[True]
Checking candidate: T3ScalarMix_3x1
  result: InputForm[True]
Accepted interactions: {Yukawa1_EpsGen, Yukawa2_Direct, Scalar1SelfInv1, Scalar1SelfInv2, Scalar2SelfInv1, HiggsPortal1Inv1, HiggsPortal1Inv2, HiggsPortal2Inv1, ScalarCrossPortalInv1, T3ScalarMix_3x1}
T3 ingredients present: True

Running Matchete matching...
EFT order: 5; loop order: 1
Running Match...

FrontEndObject::notavail: A front end is not available; certain operations require a front end.

FrontEndObject::notavail: A front end is not available; certain operations require a front end.

FrontEndObject::notavail: A front end is not available; certain operations require a front end.

General::stop: Further output of FrontEndObject::notavail will be suppressed during this calculation.
Running GreensSimplify...
Running EOMSimplify...
>> The Lagrangian contains terms of lower power than dimension 4. Defining effective couplings and assuming these terms to be dimension 4. Use 'PrintEffectiveCouplings' and 'ReplaceEffectiveCouplings' to recover explicit expressions.
Running EvaluateLoopFunctions...
Running ReplaceEffectiveCouplings...
Matching pipeline completed successfully.

Starting pure-SM baseline matching...

Running Matchete matching...
EFT order: 5; loop order: 1
Running Match...
Running GreensSimplify...
Running EOMSimplify...
Running EvaluateLoopFunctions...
Running ReplaceEffectiveCouplings...
Matching pipeline completed successfully.

Canonicalising the matched full-minus-SM EFT difference...
Running GreensSimplifyDifference...
Running EOMSimplifyDifference...

EOMSimplify::InvalidLagrangian: The Lagrangian contains no valid kinetic terms for the occuring Kinetic terms and thus cannot be simplified.
Running EvaluateLoopFunctionsDifference...
Running ReplaceEffectiveCouplingsDifference...
Matched EFT difference canonicalised successfully.
Weinberg operator present: True
Weinberg contributions isolated: 8
C5 extraction: Success (holomorphic terms: 4; HC terms: 4)
Pure-SM matching status: Success
BSM EFT difference status: Success
BSM EFT conversion success: True
