Loading Matchete...
by Javier Fuentes-Martín, Matthias König, Julie Pagès, Anders Eller Thomsen, and Felix Wilsch 
Contributors:   Javier López Miras, and Adrián Moreno-Sánchez 
Reference:      Hyperlink[arXiv:2212.04510, https://arxiv.org/abs/2212.04510]
Website:        Hyperlink[https://matchete.gitlab.io, https://matchete.gitlab.io]
Model database: Hyperlink[https://gitlab.com/matchete/model-database, https://gitlab.com/matchete/model-database]
Repository:     Hyperlink[https://gitlab.com/matchete/matchete, https://gitlab.com/matchete/matchete]
Matchete loaded successfully.
Model: T3-d3-d5-F4, alpha = 0
Scalar1 (d,Y) = {3, 0}
Scalar2 (d,Y) = {5, 1}
Fermion (d,Y) = {4, 1/2}
Build stage 1/4: load SM
  LoadModel result: OK
Build stage 2/4: define BSM fields
  Defined BSM SU(2) representation T3BSMd4 with d=4, Dynkin={3}
  Defined BSM SU(2) representation T3BSMd3 with d=3, Dynkin={2}
  Defined BSM SU(2) representation T3BSMd5 with d=5, Dynkin={4}
  field definition result: True
Build stage 3/4: define couplings
  coupling definition result: True
Build stage 4/4: define generic SU(2) CG tensors
  Defined BSM SU(2) representation T3BSMd2 with d=2, Dynkin={1}
  CG T3Y1CG: dims={2, 4, 3}, oriented algebra reps=InputForm[{CRep[{1}], CRep[{3}], {2}}], CG reps=InputForm[{SU2L[fund], T3BSMd4, T3BSMd3}], symmetric positions={}
    InvariantTensors result head: List, count=1
    DefineCG result: InputForm[T3Y1CG]
  CG T3Y2CG: dims={2, 4, 5}, oriented algebra reps=InputForm[{CRep[{1}], {3}, {4}}], CG reps=InputForm[{SU2L[fund], Bar[T3BSMd4], T3BSMd5}], symmetric positions={}
    InvariantTensors result head: List, count=1
    DefineCG result: InputForm[T3Y2CG]
  CG T3MixCG: dims={2, 2, 3, 5}, oriented algebra reps=InputForm[{{1}, {1}, {2}, {4}}], CG reps=InputForm[{Bar[SU2L[fund]], Bar[SU2L[fund]], T3BSMd3, T3BSMd5}], symmetric positions={1, 2}
    InvariantTensors result head: List, count=1
    DefineCG result: InputForm[T3MixCG]
  CG definition result: InputForm[<|Yukawa1 -> T3Y1CG, Yukawa2 -> T3Y2CG, Mixing -> T3MixCG|>]
  lambdaS1: raw SU(2) invariants=3, physical invariants=2
  lambdaS2: raw SU(2) invariants=5, physical invariants=3
  lambdaH1: raw SU(2) invariants=2, physical invariants=2
  lambdaH2: raw SU(2) invariants=2, physical invariants=2
  lambda12: raw SU(2) invariants=3, physical invariants=3
Checking candidate: Yukawa1_GenericCG
  result: InputForm[True]
Checking candidate: Yukawa2_GenericCG
  result: InputForm[True]
Checking candidate: Scalar1SelfInv1
  result: InputForm[True]
Checking candidate: Scalar1SelfInv2
  result: InputForm[True]
Checking candidate: Scalar2SelfInv1
  result: InputForm[True]
Checking candidate: Scalar2SelfInv2
  result: InputForm[True]
Checking candidate: Scalar2SelfInv3
  result: InputForm[True]
Checking candidate: HiggsPortal1Inv1
  result: InputForm[True]
Checking candidate: HiggsPortal1Inv2
  result: InputForm[True]
Checking candidate: HiggsPortal2Inv1
  result: InputForm[True]
Checking candidate: HiggsPortal2Inv2
  result: InputForm[True]
Checking candidate: ScalarCrossPortalInv1
  result: InputForm[True]
Checking candidate: ScalarCrossPortalInv2

CheckLagrangian::Hermiticity: The input Lagrangian is not hermitian. The non-Hermitian part \[ScriptCapitalL]-\[ScriptCapitalL]\[ConjugateTranspose] is StyleBox[RowBox[{I, lambda12Inv2,  , FormBox[StyleBox[RowBox[{(, RowBox[{-, RowBox[{I, SuperscriptBox[OverscriptBox[NewScalar1, StyleBox[_, FontWeight -> Bold]], StyleBox[u, FontSize -> 10]], SuperscriptBox[NewScalar1, StyleBox[v, FontSize -> 10]], SuperscriptBox[OverscriptBox[NewScalar2, StyleBox[_, FontWeight -> Bold]], StyleBox[u, FontSize -> 10]], SuperscriptBox[NewScalar2, StyleBox[v, FontSize -> 10]], SuperscriptBox[T3CrossScalarCGInv2, StyleBox[TemplateBox[{u, v, u, v}, RowDefault], FontSize -> 10]]}], +, RowBox[{I, SuperscriptBox[OverscriptBox[NewScalar1, StyleBox[_, FontWeight -> Bold]], StyleBox[u, FontSize -> 10]], SuperscriptBox[NewScalar1, StyleBox[v, FontSize -> 10]], SuperscriptBox[OverscriptBox[NewScalar2, StyleBox[_, FontWeight -> Bold]], StyleBox[u, FontSize -> 10]], SuperscriptBox[NewScalar2, StyleBox[v, FontSize -> 10]], SuperscriptBox[T3CrossScalarCGInv2, StyleBox[TemplateBox[{v, u, v, u}, RowDefault], FontSize -> 10]]}]}], )}], SpanSymmetric -> False], StandardForm]}], StandardForm]
  result: InputForm[$Failed]
Checking candidate: ScalarCrossPortalInv3

CheckLagrangian::Hermiticity: The input Lagrangian is not hermitian. The non-Hermitian part \[ScriptCapitalL]-\[ScriptCapitalL]\[ConjugateTranspose] is StyleBox[RowBox[{I, lambda12Inv3,  , FormBox[StyleBox[RowBox[{(, RowBox[{-, RowBox[{I, SuperscriptBox[OverscriptBox[NewScalar1, StyleBox[_, FontWeight -> Bold]], StyleBox[u, FontSize -> 10]], SuperscriptBox[NewScalar1, StyleBox[v, FontSize -> 10]], SuperscriptBox[OverscriptBox[NewScalar2, StyleBox[_, FontWeight -> Bold]], StyleBox[u, FontSize -> 10]], SuperscriptBox[NewScalar2, StyleBox[v, FontSize -> 10]], SuperscriptBox[T3CrossScalarCGInv3, StyleBox[TemplateBox[{u, v, u, v}, RowDefault], FontSize -> 10]]}], +, RowBox[{I, SuperscriptBox[OverscriptBox[NewScalar1, StyleBox[_, FontWeight -> Bold]], StyleBox[u, FontSize -> 10]], SuperscriptBox[NewScalar1, StyleBox[v, FontSize -> 10]], SuperscriptBox[OverscriptBox[NewScalar2, StyleBox[_, FontWeight -> Bold]], StyleBox[u, FontSize -> 10]], SuperscriptBox[NewScalar2, StyleBox[v, FontSize -> 10]], SuperscriptBox[T3CrossScalarCGInv3, StyleBox[TemplateBox[{v, u, v, u}, RowDefault], FontSize -> 10]]}]}], )}], SpanSymmetric -> False], StandardForm]}], StandardForm]
  result: InputForm[$Failed]
Checking candidate: T3ScalarMix_GenericCG
  result: InputForm[True]
Accepted interactions: {Yukawa1_GenericCG, Yukawa2_GenericCG, Scalar1SelfInv1, Scalar1SelfInv2, Scalar2SelfInv1, Scalar2SelfInv2, Scalar2SelfInv3, HiggsPortal1Inv1, HiggsPortal1Inv2, HiggsPortal2Inv1, HiggsPortal2Inv2, ScalarCrossPortalInv1, T3ScalarMix_GenericCG}
T3 ingredients present: True

Running Matchete matching...
EFT order: 5; loop order: 1
Running Match...

FrontEndObject::notavail: A front end is not available; certain operations require a front end.

FrontEndObject::notavail: A front end is not available; certain operations require a front end.

FrontEndObject::notavail: A front end is not available; certain operations require a front end.

General::stop: Further output of FrontEndObject::notavail will be suppressed during this calculation.
Running GreensSimplify...
Running EOMSimplify...
>> The Lagrangian contains terms of lower power than dimension 4. Defining effective couplings and assuming these terms to be dimension 4. Use 'PrintEffectiveCouplings' and 'ReplaceEffectiveCouplings' to recover explicit expressions.
Running EvaluateLoopFunctions...
Running ReplaceEffectiveCouplings...
Matching pipeline completed successfully.

Starting pure-SM baseline matching...

Running Matchete matching...
EFT order: 5; loop order: 1
Running Match...
Running GreensSimplify...
Running EOMSimplify...
Running EvaluateLoopFunctions...
Running ReplaceEffectiveCouplings...
Matching pipeline completed successfully.

Canonicalising the matched full-minus-SM EFT difference...
Running GreensSimplifyDifference...
Running EOMSimplifyDifference...

EOMSimplify::InvalidLagrangian: The Lagrangian contains no valid kinetic terms for the occuring Kinetic terms and thus cannot be simplified.
Running EvaluateLoopFunctionsDifference...
Running ReplaceEffectiveCouplingsDifference...
Matched EFT difference canonicalised successfully.
Weinberg operator present: True
Weinberg contributions isolated: 8
C5 extraction: Success (holomorphic terms: 4; HC terms: 4)
Pure-SM matching status: Success
BSM EFT difference status: Success
BSM EFT conversion success: True
