--- pdflatex pass 1 output ---
This is pdfTeX, Version 3.141592653-2.6-1.40.25 (MiKTeX 24.1) (preloaded format=pdflatex.fmt)
 restricted \write18 enabled.
entering extended mode
(EFT_1_after_F.tex
LaTeX2e <2023-11-01> patch level 1
L3 programming layer <2024-01-04>
(C:\Users\yangf\AppData\Local\Programs\MiKTeX\tex/latex/base\article.cls
Document Class: article 2023/05/17 v1.4n Standard LaTeX document class
(C:\Users\yangf\AppData\Local\Programs\MiKTeX\tex/latex/base\size10.clo))
(C:\Users\yangf\AppData\Local\Programs\MiKTeX\tex/latex/geometry\geometry.sty
(C:\Users\yangf\AppData\Local\Programs\MiKTeX\tex/latex/graphics\keyval.sty)
(C:\Users\yangf\AppData\Local\Programs\MiKTeX\tex/generic/iftex\ifvtex.sty
(C:\Users\yangf\AppData\Local\Programs\MiKTeX\tex/generic/iftex\iftex.sty))
(C:\Users\yangf\AppData\Local\Programs\MiKTeX\tex/latex/geometry\geometry.cfg))
(C:\Users\yangf\AppData\Local\Programs\MiKTeX\tex/latex/amsmath\amsmath.sty
For additional information on amsmath, use the `?' option.
(C:\Users\yangf\AppData\Local\Programs\MiKTeX\tex/latex/amsmath\amstext.sty
(C:\Users\yangf\AppData\Local\Programs\MiKTeX\tex/latex/amsmath\amsgen.sty))
(C:\Users\yangf\AppData\Local\Programs\MiKTeX\tex/latex/amsmath\amsbsy.sty)
(C:\Users\yangf\AppData\Local\Programs\MiKTeX\tex/latex/amsmath\amsopn.sty))
(C:\Users\yangf\AppData\Local\Programs\MiKTeX\tex/latex/amsfonts\amssymb.sty
(C:\Users\yangf\AppData\Local\Programs\MiKTeX\tex/latex/amsfonts\amsfonts.sty))

(C:\Users\yangf\AppData\Local\Programs\MiKTeX\tex/latex/adjustbox\adjustbox.sty
(C:\Users\yangf\AppData\Local\Programs\MiKTeX\tex/latex/xkeyval\xkeyval.sty
(C:\Users\yangf\AppData\Local\Programs\MiKTeX\tex/generic/xkeyval\xkeyval.tex
(C:\Users\yangf\AppData\Local\Programs\MiKTeX\tex/generic/xkeyval\xkvutils.tex)
))
(C:\Users\yangf\AppData\Local\Programs\MiKTeX\tex/latex/adjustbox\adjcalc.sty)
(C:\Users\yangf\AppData\Local\Programs\MiKTeX\tex/latex/adjustbox\trimclip.sty
(C:\Users\yangf\AppData\Local\Programs\MiKTeX\tex/latex/graphics\graphicx.sty
(C:\Users\yangf\AppData\Local\Programs\MiKTeX\tex/latex/graphics\graphics.sty
(C:\Users\yangf\AppData\Local\Programs\MiKTeX\tex/latex/graphics\trig.sty)
(C:\Users\yangf\AppData\Local\Programs\MiKTeX\tex/latex/graphics-cfg\graphics.c
fg)
(C:\Users\yangf\AppData\Local\Programs\MiKTeX\tex/latex/graphics-def\pdftex.def
)))
(C:\Users\yangf\AppData\Local\Programs\MiKTeX\tex/latex/collectbox\collectbox.s
ty)
(C:\Users\yangf\AppData\Local\Programs\MiKTeX\tex/latex/adjustbox\tc-pdftex.def
))
(C:\Users\yangf\AppData\Local\Programs\MiKTeX\tex/latex/ifoddpage\ifoddpage.sty
) (C:\Users\yangf\AppData\Local\Programs\MiKTeX\tex/latex/varwidth\varwidth.sty
))
(C:\Users\yangf\AppData\Local\Programs\MiKTeX\tex/latex/pdflscape\pdflscape.sty

(C:\Users\yangf\AppData\Local\Programs\MiKTeX\tex/latex/pdflscape\pdflscape-nom
etadata.sty
(C:\Users\yangf\AppData\Local\Programs\MiKTeX\tex/latex/graphics\lscape.sty)))
(C:\Users\yangf\AppData\Local\Programs\MiKTeX\tex/latex/tools\longtable.sty)
(C:\Users\yangf\AppData\Local\Programs\MiKTeX\tex/latex/tools\array.sty)
(C:\Users\yangf\AppData\Local\Programs\MiKTeX\tex/latex/booktabs\booktabs.sty)
(C:\Users\yangf\AppData\Local\Programs\MiKTeX\tex/latex/base\fontenc.sty)
(C:\Users\yangf\AppData\Local\Programs\MiKTeX\tex/latex/l3backend\l3backend-pdf
tex.def)

LaTeX Warning: Unused global option(s):
    [8pt].

(EFT_1_after_F.aux)
*geometry* driver: auto-detecting
*geometry* detected driver: pdftex

(C:\Users\yangf\AppData\Local\Programs\MiKTeX\tex/context/base/mkii\supp-pdf.mk
ii
[Loading MPS to PDF converter (version 2006.09.02).]
)
(C:\Users\yangf\AppData\Local\Programs\MiKTeX\tex/latex/epstopdf-pkg\epstopdf-b
ase.sty
(C:\Users\yangf\AppData\Local\Programs\MiKTeX\tex/generic/infwarerr\infwarerr.s
ty) (C:\Users\yangf\AppData\Local\Programs\MiKTeX\tex/latex/grfext\grfext.sty
(C:\Users\yangf\AppData\Local\Programs\MiKTeX\tex/generic/kvdefinekeys\kvdefine
keys.sty))
(C:\Users\yangf\AppData\Local\Programs\MiKTeX\tex/latex/kvoptions\kvoptions.sty
(C:\Users\yangf\AppData\Local\Programs\MiKTeX\tex/generic/ltxcmds\ltxcmds.sty)
(C:\Users\yangf\AppData\Local\Programs\MiKTeX\tex/latex/kvsetkeys\kvsetkeys.sty
))
(C:\Users\yangf\AppData\Local\Programs\MiKTeX\tex/generic/pdftexcmds\pdftexcmds
.sty)
(C:\Users\yangf\AppData\Local\Programs\MiKTeX\tex/latex/00miktex\epstopdf-sys.c
fg)) (C:\Users\yangf\AppData\Local\Programs\MiKTeX\tex/latex/amsfonts\umsa.fd)
(C:\Users\yangf\AppData\Local\Programs\MiKTeX\tex/latex/amsfonts\umsb.fd)
[1{C:/Users/yangf/AppData/Local/MiKTeX/fonts/map/pdftex/pdftex.map}]
! Double superscript.
l.66 ...,j_1,j_3,j_2,j_4}{}^1 \lambda_{S_1}^{(1)}^
                                                  {(1)}\end{gathered}$} &  &...
!  ==> Fatal error occurred, no output PDF file produced!
Transcript written on EFT_1_after_F.log.

