[fresh kernel] Threshold mode: results
[fresh kernel] Loading Matchete...
by Javier Fuentes-Martín, Matthias König, Julie Pagès, Anders Eller Thomsen, and Felix Wilsch 
Contributors:   Javier López Miras, and Adrián Moreno-Sánchez 
Reference:      Hyperlink[arXiv:2212.04510, https://arxiv.org/abs/2212.04510]
Website:        Hyperlink[https://matchete.gitlab.io, https://matchete.gitlab.io]
Model database: Hyperlink[https://gitlab.com/matchete/model-database, https://gitlab.com/matchete/model-database]
Repository:     Hyperlink[https://gitlab.com/matchete/matchete, https://gitlab.com/matchete/matchete]
[fresh kernel] Active T3 fields: {S1, S2}; Heavy now: {S1, S2}

FrontEndObject::notavail: A front end is not available; certain operations require a front end.
  Defined BSM SU(2) representation T3BSMd2 with d=2, Dynkin={1}
  Defined BSM SU(2) representation T3BSMd3 with d=3, Dynkin={2}
  CG T3Y1CG: dims={2, 2, 1}, oriented algebra reps=InputForm[{CRep[{1}], CRep[{1}]}], CG reps=InputForm[{SU2L[fund], T3BSMd2}], symmetric positions={}
    InvariantTensors result head: List, count=1
    DefineCG result: InputForm[T3Y1CG]
  CG T3Y2CG: dims={2, 2, 3}, oriented algebra reps=InputForm[{CRep[{1}], {1}, {2}}], CG reps=InputForm[{SU2L[fund], Bar[T3BSMd2], T3BSMd3}], symmetric positions={}
    InvariantTensors result head: List, count=1
    DefineCG result: InputForm[T3Y2CG]
  CG T3MixCG: dims={2, 2, 1, 3}, oriented algebra reps=InputForm[{{1}, {1}, {2}}], CG reps=InputForm[{Bar[SU2L[fund]], Bar[SU2L[fund]], T3BSMd3}], symmetric positions={1, 2}
    InvariantTensors result head: List, count=1
    DefineCG result: InputForm[T3MixCG]
[fresh kernel] Reconstructing scalar-potential invariant registry...
  lambdaS1: raw SU(2) invariants=1, physical invariants=1
  lambdaS2: raw SU(2) invariants=3, physical invariants=2
  lambdaH1: raw SU(2) invariants=1, physical invariants=1
  lambdaH2: raw SU(2) invariants=2, physical invariants=2
  lambda12: raw SU(2) invariants=1, physical invariants=1
[fresh kernel] Scalar-potential registry reconstructed: 7 invariant candidate(s).
[fresh kernel] Restoring serialized intermediate-EFT CG registry...
[fresh kernel] Restored 0 previously missing CG definition(s).
[fresh kernel] Reconstructing inherited effective-coupling metadata...
[fresh kernel] Effective scalar couplings restored for: {S1, S2}
[fresh kernel] Loading full-flavor EFT1 running insertion: C:\Users\yangf\OneDrive\Desktop\honours phys code\Code\output\hypercharge\T3_A_alpha_m1\data\eft1_wilson_flavor_running_insertion.wl
[fresh kernel] EFT1 running heavy insertion loaded. Terms: 1
[fresh kernel] Rehydrating canonical transition EFTs under fresh registry...
[fresh kernel] Transition rehydration complete. Tree bytes: 42072; full O(hbar) bytes: 191016
[fresh kernel] Diagnosing transition kinetic sectors...
[fresh kernel] O(hbar) gauge-kinetic differences: InputForm[<|U1Y(BB) -> False, SU2L(WW) -> True, SU3c(GG) -> False|>]
[fresh kernel] O(hbar) S1 two-derivative differences: InputForm[{False}]
[fresh kernel] O(hbar) S2 two-derivative differences: InputForm[{False}]
[fresh kernel] Gauge-coupling threshold shift present: True
[fresh kernel] Absorbing O(hbar) gauge-kinetic threshold correction into low-energy gauge couplings before [C].
[fresh kernel] [A] Tree matching L^(0)...

Running Matchete matching...
EFT order: 5; loop order: 0
Running Match...
WARNING: The field NewScalar1 was defined as heavy, but in the given Lagrangian it is light.
WARNING: The field NewScalar2 was defined as heavy, but in the given Lagrangian it is light.

FrontEndObject::notavail: A front end is not available; certain operations require a front end.
  Match result head: Times
Running GreensSimplify...
  GreensSimplify result head: Plus
Running EOMSimplify...

FrontEndObject::notavail: A front end is not available; certain operations require a front end.

General::stop: Further output of FrontEndObject::notavail will be suppressed during this calculation.
  EOMSimplify result head: Plus
Running EvaluateLoopFunctions...
  EvaluateLoopFunctions result head: Plus
Running ReplaceEffectiveCouplings...
  ReplaceEffectiveCouplings result head: Plus
Matching pipeline completed successfully.
[fresh kernel] [B] One-loop matching L^(0)...

Running Matchete matching...
EFT order: 5; loop order: 1
Running Match...
  Match result head: Times
Running GreensSimplify...
  GreensSimplify result head: Plus
Running EOMSimplify...
  EOMSimplify result head: Plus
Running EvaluateLoopFunctions...
  EvaluateLoopFunctions result head: Plus
Running ReplaceEffectiveCouplings...
  ReplaceEffectiveCouplings result head: Plus
Matching pipeline completed successfully.
[fresh kernel] [C] Tree propagation of inherited/running O(hbar) EFT...
[fresh kernel] Added EFT1 leading-log heavy insertion to [C] only.

Running Matchete matching...
EFT order: 5; loop order: 0
Running Match...
WARNING: The field NewScalar1 was defined as heavy, but in the given Lagrangian it is light.
WARNING: The field NewScalar2 was defined as heavy, but in the given Lagrangian it is light.
  Match result head: Times
Running GreensSimplify...
  GreensSimplify result head: Plus
Running EOMSimplify...
  EOMSimplify result head: Plus
Running EvaluateLoopFunctions...
  EvaluateLoopFunctions result head: Plus
Running ReplaceEffectiveCouplings...
  ReplaceEffectiveCouplings result head: Plus
Matching pipeline completed successfully.
[fresh kernel] Restored physical EFT1 running logarithm after [C].
[fresh kernel] Explicit hbar restored after effective-coupling expansion.
[fresh kernel] Inherited one-loop terms: 18
[fresh kernel] Direct Weinberg definition available: True
[fresh kernel] Carrying direct EFT1-generated Weinberg running coefficient separately from threshold matching...
[fresh kernel] Direct EFT1 Weinberg running coefficient carried separately to final C5.
[fresh kernel] Direct Weinberg equal-scale check: True
[fresh kernel] Authoritative resumed threshold C5 exported: C:\Users\yangf\OneDrive\Desktop\honours phys code\Code\output\hypercharge\T3_A_alpha_m1\data\c5_threshold_with_eft1_running.txt
[fresh kernel] Direct EFT1 Weinberg running coefficient exported: C:\Users\yangf\OneDrive\Desktop\honours phys code\Code\output\hypercharge\T3_A_alpha_m1\data\c5_direct_eft1_running.txt
[fresh kernel] C5 pole/RGE consistency:
  direct-log coefficient / hard-pole residue = 2
  direct-log coefficient == 2 * hard-pole residue: True
  diagnostic exported: C:\Users\yangf\OneDrive\Desktop\honours phys code\Code\output\hypercharge\T3_A_alpha_m1\data\c5_pole_rge_consistency.json
  Canonicalising EFT before the next threshold...
[fresh kernel] Threshold stage completed successfully.
