--- pdflatex pass 1 output ---
This is pdfTeX, Version 3.141592653-2.6-1.40.26 (TeX Live 2024) (preloaded format=pdflatex)
 restricted \write18 enabled.
entering extended mode
(./EFT_1_after_F.tex
LaTeX2e <2023-11-01> patch level 1
L3 programming layer <2024-03-14>
(c:/texlive/2024/texmf-dist/tex/latex/base/article.cls
Document Class: article 2023/05/17 v1.4n Standard LaTeX document class
(c:/texlive/2024/texmf-dist/tex/latex/base/size10.clo))
(c:/texlive/2024/texmf-dist/tex/latex/geometry/geometry.sty
(c:/texlive/2024/texmf-dist/tex/latex/graphics/keyval.sty)
(c:/texlive/2024/texmf-dist/tex/generic/iftex/ifvtex.sty
(c:/texlive/2024/texmf-dist/tex/generic/iftex/iftex.sty)))
(c:/texlive/2024/texmf-dist/tex/latex/amsmath/amsmath.sty
For additional information on amsmath, use the `?' option.
(c:/texlive/2024/texmf-dist/tex/latex/amsmath/amstext.sty
(c:/texlive/2024/texmf-dist/tex/latex/amsmath/amsgen.sty))
(c:/texlive/2024/texmf-dist/tex/latex/amsmath/amsbsy.sty)
(c:/texlive/2024/texmf-dist/tex/latex/amsmath/amsopn.sty))
(c:/texlive/2024/texmf-dist/tex/latex/amsfonts/amssymb.sty
(c:/texlive/2024/texmf-dist/tex/latex/amsfonts/amsfonts.sty))
(c:/texlive/2024/texmf-dist/tex/latex/adjustbox/adjustbox.sty
(c:/texlive/2024/texmf-dist/tex/latex/xkeyval/xkeyval.sty
(c:/texlive/2024/texmf-dist/tex/generic/xkeyval/xkeyval.tex
(c:/texlive/2024/texmf-dist/tex/generic/xkeyval/xkvutils.tex)))
(c:/texlive/2024/texmf-dist/tex/latex/adjustbox/adjcalc.sty)
(c:/texlive/2024/texmf-dist/tex/latex/adjustbox/trimclip.sty
(c:/texlive/2024/texmf-dist/tex/latex/graphics/graphicx.sty
(c:/texlive/2024/texmf-dist/tex/latex/graphics/graphics.sty
(c:/texlive/2024/texmf-dist/tex/latex/graphics/trig.sty)
(c:/texlive/2024/texmf-dist/tex/latex/graphics-cfg/graphics.cfg)
(c:/texlive/2024/texmf-dist/tex/latex/graphics-def/pdftex.def)))
(c:/texlive/2024/texmf-dist/tex/latex/collectbox/collectbox.sty)
(c:/texlive/2024/texmf-dist/tex/latex/adjustbox/tc-pdftex.def))
(c:/texlive/2024/texmf-dist/tex/latex/ifoddpage/ifoddpage.sty)
(c:/texlive/2024/texmf-dist/tex/latex/varwidth/varwidth.sty))
(c:/texlive/2024/texmf-dist/tex/latex/pdflscape/pdflscape.sty
(c:/texlive/2024/texmf-dist/tex/latex/pdflscape/pdflscape-nometadata.sty
(c:/texlive/2024/texmf-dist/tex/latex/graphics/lscape.sty)))
(c:/texlive/2024/texmf-dist/tex/latex/tools/longtable.sty)
(c:/texlive/2024/texmf-dist/tex/latex/tools/array.sty)
(c:/texlive/2024/texmf-dist/tex/latex/booktabs/booktabs.sty)
(c:/texlive/2024/texmf-dist/tex/latex/base/fontenc.sty)
(c:/texlive/2024/texmf-dist/tex/latex/l3backend/l3backend-pdftex.def)

LaTeX Warning: Unused global option(s):
    [8pt].

No file EFT_1_after_F.aux.
*geometry* driver: auto-detecting
*geometry* detected driver: pdftex
(c:/texlive/2024/texmf-dist/tex/context/base/mkii/supp-pdf.mkii
[Loading MPS to PDF converter (version 2006.09.02).]
) (c:/texlive/2024/texmf-dist/tex/latex/epstopdf-pkg/epstopdf-base.sty
(c:/texlive/2024/texmf-dist/tex/generic/infwarerr/infwarerr.sty)
(c:/texlive/2024/texmf-dist/tex/latex/grfext/grfext.sty
(c:/texlive/2024/texmf-dist/tex/generic/kvdefinekeys/kvdefinekeys.sty))
(c:/texlive/2024/texmf-dist/tex/latex/kvoptions/kvoptions.sty
(c:/texlive/2024/texmf-dist/tex/generic/ltxcmds/ltxcmds.sty)
(c:/texlive/2024/texmf-dist/tex/latex/kvsetkeys/kvsetkeys.sty))
(c:/texlive/2024/texmf-dist/tex/generic/pdftexcmds/pdftexcmds.sty)
(c:/texlive/2024/texmf-dist/tex/latex/latexconfig/epstopdf-sys.cfg))
(c:/texlive/2024/texmf-dist/tex/latex/amsfonts/umsa.fd)
(c:/texlive/2024/texmf-dist/tex/latex/amsfonts/umsb.fd) [1{c:/texlive/2024/texm
f-var/fonts/map/pdftex/updmap/pdftex.map}{c:/texlive/2024/texmf-dist/fonts/enc/
dvips/cm-super/cm-super-t1.enc}]
! Double superscript.
l.66 ...{\dagger }\right){}^2 \lambda_{S_1}^{(1)}^
                                                  {(1)} \\ -\frac{2 \hbar  \...
!  ==> Fatal error occurred, no output PDF file produced!
Transcript written on EFT_1_after_F.log.

